stm32f4xx_it.c:95:6:NMI_Handler	0	static
stm32f4xx_it.c:108:6:HardFault_Handler	0	static
stm32f4xx_it.c:123:6:MemManage_Handler	0	static
stm32f4xx_it.c:138:6:BusFault_Handler	0	static
stm32f4xx_it.c:153:6:UsageFault_Handler	0	static
stm32f4xx_it.c:168:6:SVC_Handler	0	static
stm32f4xx_it.c:181:6:DebugMon_Handler	0	static
stm32f4xx_it.c:194:6:PendSV_Handler	0	static
stm32f4xx_it.c:207:6:SysTick_Handler	0	static
stm32f4xx_it.c:228:6:DMA1_Stream3_IRQHandler	0	static
stm32f4xx_it.c:242:6:DMA1_Stream4_IRQHandler	0	static
stm32f4xx_it.c:256:6:USART1_IRQHandler	0	static
stm32f4xx_it.c:270:6:TIM6_DAC_IRQHandler	8	static
stm32f4xx_it.c:286:6:DMA2_Stream0_IRQHandler	0	static
stm32f4xx_it.c:300:6:DMA2_Stream1_IRQHandler	0	static
stm32f4xx_it.c:314:6:DMA2_Stream2_IRQHandler	0	static
stm32f4xx_it.c:328:6:DMA2_Stream5_IRQHandler	0	static
stm32f4xx_it.c:342:6:DMA2_Stream7_IRQHandler	0	static
