Archive member included to satisfy reference by file (symbol)

c:/program files (x86)/atollic/truestudio for stm32 9.2.0/armtools/bin/../lib/gcc/arm-atollic-eabi/6.3.1/../../../../arm-atollic-eabi/lib/armv7e-m/fpu\libc_nano.a(lib_a-errno.o)
                              Src\syscalls.o (__errno)
c:/program files (x86)/atollic/truestudio for stm32 9.2.0/armtools/bin/../lib/gcc/arm-atollic-eabi/6.3.1/../../../../arm-atollic-eabi/lib/armv7e-m/fpu\libc_nano.a(lib_a-fflush.o)
                              Src\module_test.o (fflush)
c:/program files (x86)/atollic/truestudio for stm32 9.2.0/armtools/bin/../lib/gcc/arm-atollic-eabi/6.3.1/../../../../arm-atollic-eabi/lib/armv7e-m/fpu\libc_nano.a(lib_a-findfp.o)
                              c:/program files (x86)/atollic/truestudio for stm32 9.2.0/armtools/bin/../lib/gcc/arm-atollic-eabi/6.3.1/../../../../arm-atollic-eabi/lib/armv7e-m/fpu\libc_nano.a(lib_a-fflush.o) (__sinit)
c:/program files (x86)/atollic/truestudio for stm32 9.2.0/armtools/bin/../lib/gcc/arm-atollic-eabi/6.3.1/../../../../arm-atollic-eabi/lib/armv7e-m/fpu\libc_nano.a(lib_a-fwalk.o)
                              c:/program files (x86)/atollic/truestudio for stm32 9.2.0/armtools/bin/../lib/gcc/arm-atollic-eabi/6.3.1/../../../../arm-atollic-eabi/lib/armv7e-m/fpu\libc_nano.a(lib_a-findfp.o) (_fwalk)
c:/program files (x86)/atollic/truestudio for stm32 9.2.0/armtools/bin/../lib/gcc/arm-atollic-eabi/6.3.1/../../../../arm-atollic-eabi/lib/armv7e-m/fpu\libc_nano.a(lib_a-impure.o)
                              c:/program files (x86)/atollic/truestudio for stm32 9.2.0/armtools/bin/../lib/gcc/arm-atollic-eabi/6.3.1/../../../../arm-atollic-eabi/lib/armv7e-m/fpu\libc_nano.a(lib_a-fflush.o) (_global_impure_ptr)
c:/program files (x86)/atollic/truestudio for stm32 9.2.0/armtools/bin/../lib/gcc/arm-atollic-eabi/6.3.1/../../../../arm-atollic-eabi/lib/armv7e-m/fpu\libc_nano.a(lib_a-init.o)
                              startup\startup_stm32f413xx.o (__libc_init_array)
c:/program files (x86)/atollic/truestudio for stm32 9.2.0/armtools/bin/../lib/gcc/arm-atollic-eabi/6.3.1/../../../../arm-atollic-eabi/lib/armv7e-m/fpu\libc_nano.a(lib_a-memset.o)
                              Src\adc.o (memset)
c:/program files (x86)/atollic/truestudio for stm32 9.2.0/armtools/bin/../lib/gcc/arm-atollic-eabi/6.3.1/../../../../arm-atollic-eabi/lib/armv7e-m/fpu\libc_nano.a(lib_a-nano-freer.o)
                              c:/program files (x86)/atollic/truestudio for stm32 9.2.0/armtools/bin/../lib/gcc/arm-atollic-eabi/6.3.1/../../../../arm-atollic-eabi/lib/armv7e-m/fpu\libc_nano.a(lib_a-fflush.o) (_free_r)
c:/program files (x86)/atollic/truestudio for stm32 9.2.0/armtools/bin/../lib/gcc/arm-atollic-eabi/6.3.1/../../../../arm-atollic-eabi/lib/armv7e-m/fpu\libc_nano.a(lib_a-nano-mallocr.o)
                              c:/program files (x86)/atollic/truestudio for stm32 9.2.0/armtools/bin/../lib/gcc/arm-atollic-eabi/6.3.1/../../../../arm-atollic-eabi/lib/armv7e-m/fpu\libc_nano.a(lib_a-findfp.o) (_malloc_r)
c:/program files (x86)/atollic/truestudio for stm32 9.2.0/armtools/bin/../lib/gcc/arm-atollic-eabi/6.3.1/../../../../arm-atollic-eabi/lib/armv7e-m/fpu\libc_nano.a(lib_a-nano-vfprintf_float.o)
                              (_printf_float)
c:/program files (x86)/atollic/truestudio for stm32 9.2.0/armtools/bin/../lib/gcc/arm-atollic-eabi/6.3.1/../../../../arm-atollic-eabi/lib/armv7e-m/fpu\libc_nano.a(lib_a-nano-vfprintf_i.o)
                              c:/program files (x86)/atollic/truestudio for stm32 9.2.0/armtools/bin/../lib/gcc/arm-atollic-eabi/6.3.1/../../../../arm-atollic-eabi/lib/armv7e-m/fpu\libc_nano.a(lib_a-nano-vfprintf_float.o) (_printf_common)
c:/program files (x86)/atollic/truestudio for stm32 9.2.0/armtools/bin/../lib/gcc/arm-atollic-eabi/6.3.1/../../../../arm-atollic-eabi/lib/armv7e-m/fpu\libc_nano.a(lib_a-printf.o)
                              Src\ir_sensor.o (printf)
c:/program files (x86)/atollic/truestudio for stm32 9.2.0/armtools/bin/../lib/gcc/arm-atollic-eabi/6.3.1/../../../../arm-atollic-eabi/lib/armv7e-m/fpu\libc_nano.a(lib_a-sbrkr.o)
                              c:/program files (x86)/atollic/truestudio for stm32 9.2.0/armtools/bin/../lib/gcc/arm-atollic-eabi/6.3.1/../../../../arm-atollic-eabi/lib/armv7e-m/fpu\libc_nano.a(lib_a-nano-mallocr.o) (_sbrk_r)
c:/program files (x86)/atollic/truestudio for stm32 9.2.0/armtools/bin/../lib/gcc/arm-atollic-eabi/6.3.1/../../../../arm-atollic-eabi/lib/armv7e-m/fpu\libc_nano.a(lib_a-setbuf.o)
                              Src\communication.o (setbuf)
c:/program files (x86)/atollic/truestudio for stm32 9.2.0/armtools/bin/../lib/gcc/arm-atollic-eabi/6.3.1/../../../../arm-atollic-eabi/lib/armv7e-m/fpu\libc_nano.a(lib_a-setvbuf.o)
                              c:/program files (x86)/atollic/truestudio for stm32 9.2.0/armtools/bin/../lib/gcc/arm-atollic-eabi/6.3.1/../../../../arm-atollic-eabi/lib/armv7e-m/fpu\libc_nano.a(lib_a-setbuf.o) (setvbuf)
[...]
Memory Configuration

Name             Origin             Length             Attributes
RAM              0x20000000         0x00050000         xrw
FLASH            0x08000000         0x00180000         xr
*default*        0x00000000         0xffffffff

Linker script and memory map

LOAD c:/program files (x86)/atollic/truestudio for stm32 9.2.0/armtools/bin/../lib/gcc/arm-atollic-eabi/6.3.1/armv7e-m/fpu/crti.o
LOAD c:/program files (x86)/atollic/truestudio for stm32 9.2.0/armtools/bin/../lib/gcc/arm-atollic-eabi/6.3.1/armv7e-m/fpu/crtbegin.o
LOAD Drivers\STM32F4xx_HAL_Driver\Src\stm32f4xx_hal.o
LOAD Drivers\STM32F4xx_HAL_Driver\Src\stm32f4xx_hal_adc.o
LOAD Drivers\STM32F4xx_HAL_Driver\Src\stm32f4xx_hal_adc_ex.o
LOAD Drivers\STM32F4xx_HAL_Driver\Src\stm32f4xx_hal_cortex.o
LOAD Drivers\STM32F4xx_HAL_Driver\Src\stm32f4xx_hal_dma.o
LOAD Drivers\STM32F4xx_HAL_Driver\Src\stm32f4xx_hal_dma_ex.o
LOAD Drivers\STM32F4xx_HAL_Driver\Src\stm32f4xx_hal_exti.o
LOAD Drivers\STM32F4xx_HAL_Driver\Src\stm32f4xx_hal_flash.o
LOAD Drivers\STM32F4xx_HAL_Driver\Src\stm32f4xx_hal_flash_ex.o
LOAD Drivers\STM32F4xx_HAL_Driver\Src\stm32f4xx_hal_flash_ramfunc.o
LOAD Drivers\STM32F4xx_HAL_Driver\Src\stm32f4xx_hal_gpio.o
LOAD Drivers\STM32F4xx_HAL_Driver\Src\stm32f4xx_hal_pwr.o
LOAD Drivers\STM32F4xx_HAL_Driver\Src\stm32f4xx_hal_pwr_ex.o
LOAD Drivers\STM32F4xx_HAL_Driver\Src\stm32f4xx_hal_rcc.o
LOAD Drivers\STM32F4xx_HAL_Driver\Src\stm32f4xx_hal_rcc_ex.o
LOAD Drivers\STM32F4xx_HAL_Driver\Src\stm32f4xx_hal_spi.o
LOAD Drivers\STM32F4xx_HAL_Driver\Src\stm32f4xx_hal_tim.o
LOAD Drivers\STM32F4xx_HAL_Driver\Src\stm32f4xx_hal_tim_ex.o
LOAD Drivers\STM32F4xx_HAL_Driver\Src\stm32f4xx_hal_uart.o
LOAD Src\adc.o
LOAD Src\battery.o
LOAD Src\communication.o
LOAD Src\dma.o
LOAD Src\encoder.o
LOAD Src\gpio.o
LOAD Src\imu.o
LOAD Src\interrupt.o
LOAD Src\ir_sensor.o
LOAD Src\main.o
LOAD Src\module_test.o
LOAD Src\motor.o
LOAD Src\spi.o
LOAD Src\stm32f4xx_hal_msp.o
LOAD Src\stm32f4xx_it.o
LOAD Src\syscalls.o
LOAD Src\system_stm32f4xx.o
LOAD Src\tim.o
LOAD Src\usart.o
LOAD startup\startup_stm32f413xx.o
                0x00000080                malloc_getpagesize_P = 0x80
START GROUP
LOAD c:/program files (x86)/atollic/truestudio for stm32 9.2.0/armtools/bin/../lib/gcc/arm-atollic-eabi/6.3.1/../../../../arm-atollic-eabi/lib/armv7e-m/fpu\libc_nano.a
LOAD c:/program files (x86)/atollic/truestudio for stm32 9.2.0/armtools/bin/../lib/gcc/arm-atollic-eabi/6.3.1/../../../../arm-atollic-eabi/lib/armv7e-m/fpu\libm.a
END GROUP
START GROUP
LOAD c:/program files (x86)/atollic/truestudio for stm32 9.2.0/armtools/bin/../lib/gcc/arm-atollic-eabi/6.3.1/armv7e-m/fpu\libgcc.a
LOAD c:/program files (x86)/atollic/truestudio for stm32 9.2.0/armtools/bin/../lib/gcc/arm-atollic-eabi/6.3.1/../../../../arm-atollic-eabi/lib/armv7e-m/fpu\libc_nano.a
END GROUP
START GROUP
LOAD c:/program files (x86)/atollic/truestudio for stm32 9.2.0/armtools/bin/../lib/gcc/arm-atollic-eabi/6.3.1/armv7e-m/fpu\libgcc.a
LOAD c:/program files (x86)/atollic/truestudio for stm32 9.2.0/armtools/bin/../lib/gcc/arm-atollic-eabi/6.3.1/../../../../arm-atollic-eabi/lib/armv7e-m/fpu\libc_nano.a
LOAD c:/program files (x86)/atollic/truestudio for stm32 9.2.0/armtools/bin/../lib/gcc/arm-atollic-eabi/6.3.1/../../../../arm-atollic-eabi/lib/armv7e-m/fpu\libnosys.a
END GROUP
START GROUP
LOAD c:/program files (x86)/atollic/truestudio for stm32 9.2.0/armtools/bin/../lib/gcc/arm-atollic-eabi/6.3.1/armv7e-m/fpu\libgcc.a
LOAD c:/program files (x86)/atollic/truestudio for stm32 9.2.0/armtools/bin/../lib/gcc/arm-atollic-eabi/6.3.1/../../../../arm-atollic-eabi/lib/armv7e-m/fpu\libc_nano.a
LOAD c:/program files (x86)/atollic/truestudio for stm32 9.2.0/armtools/bin/../lib/gcc/arm-atollic-eabi/6.3.1/../../../../arm-atollic-eabi/lib/armv7e-m/fpu\libnosys.a
END GROUP
LOAD c:/program files (x86)/atollic/truestudio for stm32 9.2.0/armtools/bin/../lib/gcc/arm-atollic-eabi/6.3.1/armv7e-m/fpu/crtend.o
LOAD c:/program files (x86)/atollic/truestudio for stm32 9.2.0/armtools/bin/../lib/gcc/arm-atollic-eabi/6.3.1/armv7e-m/fpu/crtn.o
                0x20050000                _estack = 0x20050000
                0x00000200                _Min_Heap_Size = 0x200
                0x00000400                _Min_Stack_Size = 0x400

.isr_vector     0x08000000      0x1d8
                0x08000000                . = ALIGN (0x4)
 *(.isr_vector)
 .isr_vector    0x08000000      0x1d8 startup\startup_stm32f413xx.o
                0x08000000                g_pfnVectors
                0x080001d8                . = ALIGN (0x4)

.text           0x080001e0     0x733c
                0x080001e0                . = ALIGN (0x4)
 *(.text)
 .text          0x080001e0       0x40 c:/program files (x86)/atollic/truestudio for stm32 9.2.0/armtools/bin/../lib/gcc/arm-atollic-eabi/6.3.1/armv7e-m/fpu/crtbegin.o
 .text          0x08000220       0x10 c:/program files (x86)/atollic/truestudio for stm32 9.2.0/armtools/bin/../lib/gcc/arm-atollic-eabi/6.3.1/../../../../arm-atollic-eabi/lib/armv7e-m/fpu\libc_nano.a(lib_a-strlen.o)
                0x08000220                strlen
 .text          0x08000230       0xa0 c:/program files (x86)/atollic/truestudio for stm32 9.2.0/armtools/bin/../lib/gcc/arm-atollic-eabi/6.3.1/../../../../arm-atollic-eabi/lib/armv7e-m/fpu\libc_nano.a(lib_a-memchr.o)
                0x08000230                memchr
 .text          0x080002d0      0x370 c:/program files (x86)/atollic/truestudio for stm32 9.2.0/armtools/bin/../lib/gcc/arm-atollic-eabi/6.3.1/armv7e-m/fpu\libgcc.a(_arm_addsubdf3.o)
                0x080002d0                __aeabi_drsub
                0x080002d8                __aeabi_dsub
                0x080002d8                __subdf3
                0x080002dc                __aeabi_dadd
                0x080002dc                __adddf3
                0x08000554                __floatunsidf
                0x08000554                __aeabi_ui2d
                0x08000574                __floatsidf
                0x08000574                __aeabi_i2d
                0x08000598                __aeabi_f2d
                0x08000598                __extendsfdf2
                0x080005d4                __floatundidf
                0x080005d4                __aeabi_ul2d
                0x080005e4                __floatdidf
                0x080005e4                __aeabi_l2d
 .text          0x08000640      0x424 c:/program files (x86)/atollic/truestudio for stm32 9.2.0/armtools/bin/../lib/gcc/arm-atollic-eabi/6.3.1/armv7e-m/fpu\libgcc.a(_arm_muldivdf3.o)
                0x08000640                __aeabi_dmul
                0x08000640                __muldf3
                0x08000894                __divdf3
                0x08000894                __aeabi_ddiv
 .text          0x08000a64      0x110 c:/program files (x86)/atollic/truestudio for stm32 9.2.0/armtools/bin/../lib/gcc/arm-atollic-eabi/6.3.1/armv7e-m/fpu\libgcc.a(_arm_cmpdf2.o)
                0x08000a64                __gtdf2
                0x08000a64                __gedf2
                0x08000a6c                __ltdf2
                0x08000a6c                __ledf2
                0x08000a74                __nedf2
                0x08000a74                __eqdf2
                0x08000a74                __cmpdf2
                0x08000af0                __aeabi_cdrcmple
                0x08000b00                __aeabi_cdcmpeq
                0x08000b00                __aeabi_cdcmple
                0x08000b10                __aeabi_dcmpeq
                0x08000b24                __aeabi_dcmplt
                0x08000b38                __aeabi_dcmple
                0x08000b4c                __aeabi_dcmpge
                0x08000b60                __aeabi_dcmpgt
 .text          0x08000b74       0x2c c:/program files (x86)/atollic/truestudio for stm32 9.2.0/armtools/bin/../lib/gcc/arm-atollic-eabi/6.3.1/armv7e-m/fpu\libgcc.a(_arm_unorddf2.o)
                0x08000b74                __unorddf2
                0x08000b74                __aeabi_dcmpun
 .text          0x08000ba0       0x50 c:/program files (x86)/atollic/truestudio for stm32 9.2.0/armtools/bin/../lib/gcc/arm-atollic-eabi/6.3.1/armv7e-m/fpu\libgcc.a(_arm_fixdfsi.o)
                0x08000ba0                __aeabi_d2iz
                0x08000ba0                __fixdfsi
 .text          0x08000bf0      0x21c c:/program files (x86)/atollic/truestudio for stm32 9.2.0/armtools/bin/../lib/gcc/arm-atollic-eabi/6.3.1/armv7e-m/fpu\libgcc.a(_arm_addsubsf3.o)
                0x08000bf0                __aeabi_frsub
                0x08000bf8                __subsf3
                0x08000bf8                __aeabi_fsub
                0x08000bfc                __aeabi_fadd
                0x08000bfc                __addsf3
                0x08000d5c                __aeabi_ui2f
                0x08000d5c                __floatunsisf
                0x08000d64                __aeabi_i2f
                0x08000d64                __floatsisf
                0x08000d80                __aeabi_ul2f
                0x08000d80                __floatundisf
                0x08000d90                __aeabi_l2f
                0x08000d90                __floatdisf
 .text          0x08000e0c       0x30 c:/program files (x86)/atollic/truestudio for stm32 9.2.0/armtools/bin/../lib/gcc/arm-atollic-eabi/6.3.1/armv7e-m/fpu\libgcc.a(_aeabi_uldivmod.o)
                0x08000e0c                __aeabi_uldivmod
 .text          0x08000e3c      0x2dc c:/program files (x86)/atollic/truestudio for stm32 9.2.0/armtools/bin/../lib/gcc/arm-atollic-eabi/6.3.1/armv7e-m/fpu\libgcc.a(_udivmoddi4.o)
                0x08000e3c                __udivmoddi4
 .text          0x08001118        0x4 c:/program files (x86)/atollic/truestudio for stm32 9.2.0/armtools/bin/../lib/gcc/arm-atollic-eabi/6.3.1/armv7e-m/fpu\libgcc.a(_dvmd_tls.o)
                0x08001118                __aeabi_idiv0
                0x08001118                __aeabi_ldiv0
 *(.text*)
 .text.HAL_InitTick
                0x0800111c       0x48 Drivers\STM32F4xx_HAL_Driver\Src\stm32f4xx_hal.o
                0x0800111c                HAL_InitTick
 .text.HAL_Init
                0x08001164       0x34 Drivers\STM32F4xx_HAL_Driver\Src\stm32f4xx_hal.o
                0x08001164                HAL_Init
 .text.HAL_IncTick
                0x08001198       0x18 Drivers\STM32F4xx_HAL_Driver\Src\stm32f4xx_hal.o
                0x08001198                HAL_IncTick
 .text.HAL_GetTick
                0x080011b0        0xc Drivers\STM32F4xx_HAL_Driver\Src\stm32f4xx_hal.o
                0x080011b0                HAL_GetTick
 .text.HAL_Delay
                0x080011bc       0x28 Drivers\STM32F4xx_HAL_Driver\Src\stm32f4xx_hal.o
                0x080011bc                HAL_Delay
 .text.HAL_ADC_Init
                0x080011e4      0x14c Drivers\STM32F4xx_HAL_Driver\Src\stm32f4xx_hal_adc.o
                0x080011e4                HAL_ADC_Init
 .text.HAL_ADC_Start_DMA
                0x08001330      0x100 Drivers\STM32F4xx_HAL_Driver\Src\stm32f4xx_hal_adc.o
                0x08001330                HAL_ADC_Start_DMA
 .text.HAL_ADC_ConvHalfCpltCallback
                0x08001430        0x2 Drivers\STM32F4xx_HAL_Driver\Src\stm32f4xx_hal_adc.o
                0x08001430                HAL_ADC_ConvHalfCpltCallback
 .text.ADC_DMAHalfConvCplt
                0x08001432        0xa Drivers\STM32F4xx_HAL_Driver\Src\stm32f4xx_hal_adc.o
 .text.HAL_ADC_ErrorCallback
                0x0800143c        0x2 Drivers\STM32F4xx_HAL_Driver\Src\stm32f4xx_hal_adc.o
                0x0800143c                HAL_ADC_ErrorCallback
 .text.ADC_DMAError
                0x0800143e       0x16 Drivers\STM32F4xx_HAL_Driver\Src\stm32f4xx_hal_adc.o
 .text.ADC_DMAConvCplt
                0x08001454       0x6c Drivers\STM32F4xx_HAL_Driver\Src\stm32f4xx_hal_adc.o
 .text.HAL_ADC_ConfigChannel
                0x080014c0      0x144 Drivers\STM32F4xx_HAL_Driver\Src\stm32f4xx_hal_adc.o
                0x080014c0                HAL_ADC_ConfigChannel
 .text.HAL_NVIC_SetPriorityGrouping
                0x08001604       0x24 Drivers\STM32F4xx_HAL_Driver\Src\stm32f4xx_hal_cortex.o
                0x08001604                HAL_NVIC_SetPriorityGrouping
 .text.HAL_NVIC_SetPriority
                0x08001628       0x68 Drivers\STM32F4xx_HAL_Driver\Src\stm32f4xx_hal_cortex.o
                0x08001628                HAL_NVIC_SetPriority
 .text.HAL_NVIC_EnableIRQ
                0x08001690       0x1c Drivers\STM32F4xx_HAL_Driver\Src\stm32f4xx_hal_cortex.o
                0x08001690                HAL_NVIC_EnableIRQ
 .text.HAL_SYSTICK_Config
                0x080016ac       0x2c Drivers\STM32F4xx_HAL_Driver\Src\stm32f4xx_hal_cortex.o
                0x080016ac                HAL_SYSTICK_Config
 .text.DMA_CalcBaseAndBitshift
                0x080016d8       0x2c Drivers\STM32F4xx_HAL_Driver\Src\stm32f4xx_hal_dma.o
 .text.HAL_DMA_Init
                0x08001704       0xfc Drivers\STM32F4xx_HAL_Driver\Src\stm32f4xx_hal_dma.o
                0x08001704                HAL_DMA_Init
 .text.HAL_DMA_Start_IT
                0x08001800       0x7c Drivers\STM32F4xx_HAL_Driver\Src\stm32f4xx_hal_dma.o
                0x08001800                HAL_DMA_Start_IT
 .text.HAL_DMA_Abort
                0x0800187c       0x86 Drivers\STM32F4xx_HAL_Driver\Src\stm32f4xx_hal_dma.o
                0x0800187c                HAL_DMA_Abort
 .text.HAL_DMA_Abort_IT
                0x08001902       0x24 Drivers\STM32F4xx_HAL_Driver\Src\stm32f4xx_hal_dma.o
                0x08001902                HAL_DMA_Abort_IT
 *fill*         0x08001926        0x2 
 .text.HAL_DMA_IRQHandler
                0x08001928      0x174 Drivers\STM32F4xx_HAL_Driver\Src\stm32f4xx_hal_dma.o
                0x08001928                HAL_DMA_IRQHandler
 .text.HAL_DMA_RegisterCallback
                0x08001a9c       0x50 Drivers\STM32F4xx_HAL_Driver\Src\stm32f4xx_hal_dma.o
                0x08001a9c                HAL_DMA_RegisterCallback
 .text.HAL_GPIO_Init
                0x08001aec      0x1b4 Drivers\STM32F4xx_HAL_Driver\Src\stm32f4xx_hal_gpio.o
                0x08001aec                HAL_GPIO_Init
 .text.HAL_GPIO_WritePin
                0x08001ca0        0xa Drivers\STM32F4xx_HAL_Driver\Src\stm32f4xx_hal_gpio.o
                0x08001ca0                HAL_GPIO_WritePin
 .text.HAL_GPIO_TogglePin
                0x08001caa        0xe Drivers\STM32F4xx_HAL_Driver\Src\stm32f4xx_hal_gpio.o
                0x08001caa                HAL_GPIO_TogglePin
 .text.HAL_RCC_GetSysClockFreq
                0x08001cb8       0x5c Drivers\STM32F4xx_HAL_Driver\Src\stm32f4xx_hal_rcc.o
                0x08001cb8                HAL_RCC_GetSysClockFreq
 .text.HAL_RCC_ClockConfig
                0x08001d14      0x134 Drivers\STM32F4xx_HAL_Driver\Src\stm32f4xx_hal_rcc.o
                0x08001d14                HAL_RCC_ClockConfig
 .text.HAL_RCC_GetPCLK1Freq
                0x08001e48       0x20 Drivers\STM32F4xx_HAL_Driver\Src\stm32f4xx_hal_rcc.o
                0x08001e48                HAL_RCC_GetPCLK1Freq
 .text.HAL_RCC_GetPCLK2Freq
                0x08001e68       0x20 Drivers\STM32F4xx_HAL_Driver\Src\stm32f4xx_hal_rcc.o
                0x08001e68                HAL_RCC_GetPCLK2Freq
 .text.HAL_RCC_OscConfig
                0x08001e88      0x308 Drivers\STM32F4xx_HAL_Driver\Src\stm32f4xx_hal_rcc_ex.o
                0x08001e88                HAL_RCC_OscConfig
 .text.SPI_WaitFlagStateUntilTimeout.constprop.9
                0x08002190       0x76 Drivers\STM32F4xx_HAL_Driver\Src\stm32f4xx_hal_spi.o
 .text.SPI_EndRxTransaction
                0x08002206       0x54 Drivers\STM32F4xx_HAL_Driver\Src\stm32f4xx_hal_spi.o
 *fill*         0x0800225a        0x2 
 .text.SPI_EndRxTxTransaction
                0x0800225c       0x5c Drivers\STM32F4xx_HAL_Driver\Src\stm32f4xx_hal_spi.o
 .text.HAL_SPI_Init
                0x080022b8       0x7a Drivers\STM32F4xx_HAL_Driver\Src\stm32f4xx_hal_spi.o
                0x080022b8                HAL_SPI_Init
 .text.HAL_SPI_Transmit
                0x08002332      0x150 Drivers\STM32F4xx_HAL_Driver\Src\stm32f4xx_hal_spi.o
                0x08002332                HAL_SPI_Transmit
 *fill*         0x08002482        0x2 
 .text.HAL_SPI_TransmitReceive_DMA
                0x08002484      0x10c Drivers\STM32F4xx_HAL_Driver\Src\stm32f4xx_hal_spi.o
                0x08002484                HAL_SPI_TransmitReceive_DMA
 .text.HAL_SPI_RxCpltCallback
                0x08002590        0x2 Drivers\STM32F4xx_HAL_Driver\Src\stm32f4xx_hal_spi.o
                0x08002590                HAL_SPI_RxCpltCallback
 .text.HAL_SPI_RxHalfCpltCallback
                0x08002592        0x2 Drivers\STM32F4xx_HAL_Driver\Src\stm32f4xx_hal_spi.o
                0x08002592                HAL_SPI_RxHalfCpltCallback
 .text.SPI_DMAHalfReceiveCplt
                0x08002594        0xa Drivers\STM32F4xx_HAL_Driver\Src\stm32f4xx_hal_spi.o
 .text.HAL_SPI_TxRxHalfCpltCallback
                0x0800259e        0x2 Drivers\STM32F4xx_HAL_Driver\Src\stm32f4xx_hal_spi.o
                0x0800259e                HAL_SPI_TxRxHalfCpltCallback
 .text.SPI_DMAHalfTransmitReceiveCplt
                0x080025a0        0xa Drivers\STM32F4xx_HAL_Driver\Src\stm32f4xx_hal_spi.o
 .text.HAL_SPI_ErrorCallback
                0x080025aa        0x2 Drivers\STM32F4xx_HAL_Driver\Src\stm32f4xx_hal_spi.o
                0x080025aa                HAL_SPI_ErrorCallback
 .text.SPI_DMAError
                0x080025ac       0x22 Drivers\STM32F4xx_HAL_Driver\Src\stm32f4xx_hal_spi.o
 .text.SPI_DMAReceiveCplt
                0x080025ce       0x52 Drivers\STM32F4xx_HAL_Driver\Src\stm32f4xx_hal_spi.o
 .text.SPI_DMATransmitReceiveCplt
                0x08002620       0x5a Drivers\STM32F4xx_HAL_Driver\Src\stm32f4xx_hal_spi.o
 *fill*         0x0800267a        0x2 
 .text.TIM_OC1_SetConfig
                0x0800267c       0x64 Drivers\STM32F4xx_HAL_Driver\Src\stm32f4xx_hal_tim.o
 .text.TIM_OC3_SetConfig
                0x080026e0       0x6c Drivers\STM32F4xx_HAL_Driver\Src\stm32f4xx_hal_tim.o
 .text.TIM_OC4_SetConfig
                0x0800274c       0x4c Drivers\STM32F4xx_HAL_Driver\Src\stm32f4xx_hal_tim.o
 .text.HAL_TIM_Base_Start_IT
                0x08002798       0x20 Drivers\STM32F4xx_HAL_Driver\Src\stm32f4xx_hal_tim.o
                0x08002798                HAL_TIM_Base_Start_IT
 .text.HAL_TIM_PWM_MspInit
                0x080027b8        0x2 Drivers\STM32F4xx_HAL_Driver\Src\stm32f4xx_hal_tim.o
                0x080027b8                HAL_TIM_PWM_MspInit
 .text.HAL_TIM_Encoder_Start
                0x080027ba       0x44 Drivers\STM32F4xx_HAL_Driver\Src\stm32f4xx_hal_tim.o
                0x080027ba                HAL_TIM_Encoder_Start
 .text.HAL_TIM_PeriodElapsedCallback
                0x080027fe        0x2 Drivers\STM32F4xx_HAL_Driver\Src\stm32f4xx_hal_tim.o
                0x080027fe                HAL_TIM_PeriodElapsedCallback
 .text.HAL_TIM_OC_DelayElapsedCallback
                0x08002800        0x2 Drivers\STM32F4xx_HAL_Driver\Src\stm32f4xx_hal_tim.o
                0x08002800                HAL_TIM_OC_DelayElapsedCallback
 .text.HAL_TIM_IC_CaptureCallback
                0x08002802        0x2 Drivers\STM32F4xx_HAL_Driver\Src\stm32f4xx_hal_tim.o
                0x08002802                HAL_TIM_IC_CaptureCallback
 .text.HAL_TIM_PWM_PulseFinishedCallback
                0x08002804        0x2 Drivers\STM32F4xx_HAL_Driver\Src\stm32f4xx_hal_tim.o
                0x08002804                HAL_TIM_PWM_PulseFinishedCallback
 .text.HAL_TIM_TriggerCallback
                0x08002806        0x2 Drivers\STM32F4xx_HAL_Driver\Src\stm32f4xx_hal_tim.o
                0x08002806                HAL_TIM_TriggerCallback
 .text.HAL_TIM_IRQHandler
                0x08002808      0x144 Drivers\STM32F4xx_HAL_Driver\Src\stm32f4xx_hal_tim.o
                0x08002808                HAL_TIM_IRQHandler
 .text.TIM_Base_SetConfig
                0x0800294c       0xcc Drivers\STM32F4xx_HAL_Driver\Src\stm32f4xx_hal_tim.o
                0x0800294c                TIM_Base_SetConfig
 .text.HAL_TIM_Base_Init
                0x08002a18       0x34 Drivers\STM32F4xx_HAL_Driver\Src\stm32f4xx_hal_tim.o
                0x08002a18                HAL_TIM_Base_Init
 .text.HAL_TIM_PWM_Init
                0x08002a4c       0x34 Drivers\STM32F4xx_HAL_Driver\Src\stm32f4xx_hal_tim.o
                0x08002a4c                HAL_TIM_PWM_Init
 .text.HAL_TIM_Encoder_Init
                0x08002a80       0x96 Drivers\STM32F4xx_HAL_Driver\Src\stm32f4xx_hal_tim.o
                0x08002a80                HAL_TIM_Encoder_Init
 *fill*         0x08002b16        0x2 
 .text.TIM_OC2_SetConfig
                0x08002b18       0x6c Drivers\STM32F4xx_HAL_Driver\Src\stm32f4xx_hal_tim.o
                0x08002b18                TIM_OC2_SetConfig
 .text.HAL_TIM_PWM_ConfigChannel
                0x08002b84       0xc4 Drivers\STM32F4xx_HAL_Driver\Src\stm32f4xx_hal_tim.o
                0x08002b84                HAL_TIM_PWM_ConfigChannel
 .text.TIM_ETR_SetConfig
                0x08002c48       0x14 Drivers\STM32F4xx_HAL_Driver\Src\stm32f4xx_hal_tim.o
                0x08002c48                TIM_ETR_SetConfig
 .text.HAL_TIM_ConfigClockSource
                0x08002c5c      0x128 Drivers\STM32F4xx_HAL_Driver\Src\stm32f4xx_hal_tim.o
                0x08002c5c                HAL_TIM_ConfigClockSource
 .text.TIM_CCxChannelCmd
                0x08002d84       0x1c Drivers\STM32F4xx_HAL_Driver\Src\stm32f4xx_hal_tim.o
                0x08002d84                TIM_CCxChannelCmd
 .text.HAL_TIM_PWM_Start
                0x08002da0       0x40 Drivers\STM32F4xx_HAL_Driver\Src\stm32f4xx_hal_tim.o
                0x08002da0                HAL_TIM_PWM_Start
 .text.HAL_TIMEx_MasterConfigSynchronization
                0x08002de0       0x3c Drivers\STM32F4xx_HAL_Driver\Src\stm32f4xx_hal_tim_ex.o
                0x08002de0                HAL_TIMEx_MasterConfigSynchronization
 .text.HAL_TIMEx_ConfigBreakDeadTime
                0x08002e1c       0x4c Drivers\STM32F4xx_HAL_Driver\Src\stm32f4xx_hal_tim_ex.o
                0x08002e1c                HAL_TIMEx_ConfigBreakDeadTime
 .text.HAL_TIMEx_CommutCallback
                0x08002e68        0x2 Drivers\STM32F4xx_HAL_Driver\Src\stm32f4xx_hal_tim_ex.o
                0x08002e68                HAL_TIMEx_CommutCallback
 .text.HAL_TIMEx_BreakCallback
                0x08002e6a        0x2 Drivers\STM32F4xx_HAL_Driver\Src\stm32f4xx_hal_tim_ex.o
                0x08002e6a                HAL_TIMEx_BreakCallback
 .text.UART_EndRxTransfer
                0x08002e6c       0x1a Drivers\STM32F4xx_HAL_Driver\Src\stm32f4xx_hal_uart.o
 *fill*         0x08002e86        0x2 
 .text.UART_SetConfig
                0x08002e88      0x234 Drivers\STM32F4xx_HAL_Driver\Src\stm32f4xx_hal_uart.o
 .text.UART_WaitOnFlagUntilTimeout.constprop.3
                0x080030bc       0x50 Drivers\STM32F4xx_HAL_Driver\Src\stm32f4xx_hal_uart.o
 .text.HAL_UART_Init
                0x0800310c       0x5c Drivers\STM32F4xx_HAL_Driver\Src\stm32f4xx_hal_uart.o
                0x0800310c                HAL_UART_Init
 .text.HAL_UART_Receive
                0x08003168       0xc0 Drivers\STM32F4xx_HAL_Driver\Src\stm32f4xx_hal_uart.o
                0x08003168                HAL_UART_Receive
 .text.HAL_UART_Transmit_DMA
                0x08003228       0x74 Drivers\STM32F4xx_HAL_Driver\Src\stm32f4xx_hal_uart.o
                0x08003228                HAL_UART_Transmit_DMA
 .text.HAL_UART_DMAStop
                0x0800329c       0x5e Drivers\STM32F4xx_HAL_Driver\Src\stm32f4xx_hal_uart.o
                0x0800329c                HAL_UART_DMAStop
 .text.UART_DMATransmitCplt
                0x080032fa       0x2c Drivers\STM32F4xx_HAL_Driver\Src\stm32f4xx_hal_uart.o
 .text.HAL_UART_TxHalfCpltCallback
                0x08003326        0x2 Drivers\STM32F4xx_HAL_Driver\Src\stm32f4xx_hal_uart.o
                0x08003326                HAL_UART_TxHalfCpltCallback
 .text.UART_DMATxHalfCplt
                0x08003328        0xa Drivers\STM32F4xx_HAL_Driver\Src\stm32f4xx_hal_uart.o
 .text.HAL_UART_RxCpltCallback
                0x08003332        0x2 Drivers\STM32F4xx_HAL_Driver\Src\stm32f4xx_hal_uart.o
                0x08003332                HAL_UART_RxCpltCallback
 .text.UART_Receive_IT
                0x08003334       0x7c Drivers\STM32F4xx_HAL_Driver\Src\stm32f4xx_hal_uart.o
 .text.HAL_UART_ErrorCallback
                0x080033b0        0x2 Drivers\STM32F4xx_HAL_Driver\Src\stm32f4xx_hal_uart.o
                0x080033b0                HAL_UART_ErrorCallback
 .text.UART_DMAError
                0x080033b2       0x4e Drivers\STM32F4xx_HAL_Driver\Src\stm32f4xx_hal_uart.o
 .text.HAL_UART_IRQHandler
                0x08003400      0x140 Drivers\STM32F4xx_HAL_Driver\Src\stm32f4xx_hal_uart.o
                0x08003400                HAL_UART_IRQHandler
 .text.UART_DMAAbortOnError
                0x08003540       0x10 Drivers\STM32F4xx_HAL_Driver\Src\stm32f4xx_hal_uart.o
 .text.MX_ADC1_Init
                0x08003550       0xc4 Src\adc.o
                0x08003550                MX_ADC1_Init
 .text.HAL_ADC_MspInit
                0x08003614       0xd0 Src\adc.o
                0x08003614                HAL_ADC_MspInit
 .text.Battery_GetVoltage
                0x080036e4       0x24 Src\battery.o
                0x080036e4                Battery_GetVoltage
 .text.Battery_LimiterVoltage
                0x08003708       0x6c Src\battery.o
                0x08003708                Battery_LimiterVoltage
 .text.Communication_TerminalRecv
                0x08003774       0x1c Src\communication.o
                0x08003774                Communication_TerminalRecv
 .text.Communication_TxPushData
                0x08003790       0x74 Src\communication.o
                0x08003790                Communication_TxPushData
 .text.Communication_TxPopData
                0x08003804       0x4c Src\communication.o
                0x08003804                Communication_TxPopData
 .text.HAL_UART_TxCpltCallback
                0x08003850       0x14 Src\communication.o
                0x08003850                HAL_UART_TxCpltCallback
 .text.Communication_Initialize
                0x08003864       0x2c Src\communication.o
                0x08003864                Communication_Initialize
 .text.__io_putchar
                0x08003890        0xc Src\communication.o
                0x08003890                __io_putchar
 .text.__io_getchar
                0x0800389c        0x8 Src\communication.o
                0x0800389c                __io_getchar
 .text.MX_DMA_Init
                0x080038a4       0xa8 Src\dma.o
                0x080038a4                MX_DMA_Init
 .text.Encoder_Initialize
                0x0800394c       0x20 Src\encoder.o
                0x0800394c                Encoder_Initialize
 .text.Encoder_ResetCount_Left
                0x0800396c        0xc Src\encoder.o
                0x0800396c                Encoder_ResetCount_Left
 .text.Encoder_ResetCount_Right
                0x08003978       0x10 Src\encoder.o
                0x08003978                Encoder_ResetCount_Right
 .text.Encoder_GetAngle_Left
                0x08003988       0x30 Src\encoder.o
                0x08003988                Encoder_GetAngle_Left
 .text.Encoder_GetAngle_Right
                0x080039b8       0x30 Src\encoder.o
                0x080039b8                Encoder_GetAngle_Right
 .text.MX_GPIO_Init
                0x080039e8       0xa8 Src\gpio.o
                0x080039e8                MX_GPIO_Init
 .text.IMU_Write1byte
                0x08003a90       0x54 Src\imu.o
                0x08003a90                IMU_Write1byte
 .text.IMU_Initialize
                0x08003ae4       0x90 Src\imu.o
                0x08003ae4                IMU_Initialize
 .text.HAL_SPI_TxRxCpltCallback
                0x08003b74       0x60 Src\imu.o
                0x08003b74                HAL_SPI_TxRxCpltCallback
 .text.IMU_GetAccel_X
                0x08003bd4       0x38 Src\imu.o
                0x08003bd4                IMU_GetAccel_X
 .text.IMU_GetGyro_Z
                0x08003c0c       0x44 Src\imu.o
                0x08003c0c                IMU_GetGyro_Z
 .text.Interrupt_Main
                0x08003c50        0x2 Src\interrupt.o
                0x08003c50                Interrupt_Main
 *fill*         0x08003c52        0x2 
 .text.Interrupt_Initialize
                0x08003c54        0xc Src\interrupt.o
                0x08003c54                Interrupt_Initialize
 .text.Interrupt_PreProcess
                0x08003c60       0x6c Src\interrupt.o
                0x08003c60                Interrupt_PreProcess
 .text.Interrupt_PostProcess
                0x08003ccc       0x3c Src\interrupt.o
                0x08003ccc                Interrupt_PostProcess
 .text.Interrupt_GetDuty
                0x08003d08        0xc Src\interrupt.o
                0x08003d08                Interrupt_GetDuty
 .text.Interrupt_GetDuty_Max
                0x08003d14        0xc Src\interrupt.o
                0x08003d14                Interrupt_GetDuty_Max
 .text.Interrupt_GetBootTime
                0x08003d20        0xc Src\interrupt.o
                0x08003d20                Interrupt_GetBootTime
 .text.TIM1_CC2_Callback
                0x08003d2c       0x38 Src\ir_sensor.o
                0x08003d2c                TIM1_CC2_Callback
 .text.HAL_ADC_ConvCpltCallback
                0x08003d64       0x58 Src\ir_sensor.o
                0x08003d64                HAL_ADC_ConvCpltCallback
 .text.Sensor_StartADC
                0x08003dbc       0x34 Src\ir_sensor.o
                0x08003dbc                Sensor_StartADC
 .text.Sensor_Initialize
                0x08003df0       0x70 Src\ir_sensor.o
                0x08003df0                Sensor_Initialize
 .text.Sensor_GetBatteryValue
                0x08003e60        0xc Src\ir_sensor.o
                0x08003e60                Sensor_GetBatteryValue
 .text.Sensor_GetValue
                0x08003e6c       0x18 Src\ir_sensor.o
                0x08003e6c                Sensor_GetValue
 .text.SystemClock_Config
                0x08003e84       0x8c Src\main.o
                0x08003e84                SystemClock_Config
 .text.startup.main
                0x08003f10       0x64 Src\main.o
                0x08003f10                main
 .text.Error_Handler
                0x08003f74        0x2 Src\main.o
                0x08003f74                Error_Handler
 *fill*         0x08003f76        0x2 
 .text.module_test
                0x08003f78      0x268 Src\module_test.o
                0x08003f78                module_test
 .text.Motor_Initialize
                0x080041e0       0x2c Src\motor.o
                0x080041e0                Motor_Initialize
 .text.Motor_StopPWM
                0x0800420c       0x18 Src\motor.o
                0x0800420c                Motor_StopPWM
 .text.Motor_SetDuty_Left
                0x08004224       0x80 Src\motor.o
                0x08004224                Motor_SetDuty_Left
 .text.Motor_SetDuty_Right
                0x080042a4       0x80 Src\motor.o
                0x080042a4                Motor_SetDuty_Right
 .text.MX_SPI2_Init
                0x08004324       0x48 Src\spi.o
                0x08004324                MX_SPI2_Init
 .text.HAL_SPI_MspInit
                0x0800436c       0xe0 Src\spi.o
                0x0800436c                HAL_SPI_MspInit
 .text.HAL_MspInit
                0x0800444c       0x38 Src\stm32f4xx_hal_msp.o
                0x0800444c                HAL_MspInit
 .text.NMI_Handler
                0x08004484        0x2 Src\stm32f4xx_it.o
                0x08004484                NMI_Handler
 .text.HardFault_Handler
                0x08004486        0x2 Src\stm32f4xx_it.o
                0x08004486                HardFault_Handler
 .text.MemManage_Handler
                0x08004488        0x2 Src\stm32f4xx_it.o
                0x08004488                MemManage_Handler
 .text.BusFault_Handler
                0x0800448a        0x2 Src\stm32f4xx_it.o
                0x0800448a                BusFault_Handler
 .text.UsageFault_Handler
                0x0800448c        0x2 Src\stm32f4xx_it.o
                0x0800448c                UsageFault_Handler
 .text.SVC_Handler
                0x0800448e        0x2 Src\stm32f4xx_it.o
                0x0800448e                SVC_Handler
 .text.DebugMon_Handler
                0x08004490        0x2 Src\stm32f4xx_it.o
                0x08004490                DebugMon_Handler
 .text.PendSV_Handler
                0x08004492        0x2 Src\stm32f4xx_it.o
                0x08004492                PendSV_Handler
 .text.SysTick_Handler
                0x08004494        0x4 Src\stm32f4xx_it.o
                0x08004494                SysTick_Handler
 .text.DMA1_Stream3_IRQHandler
                0x08004498        0xc Src\stm32f4xx_it.o
                0x08004498                DMA1_Stream3_IRQHandler
 .text.DMA1_Stream4_IRQHandler
                0x080044a4        0xc Src\stm32f4xx_it.o
                0x080044a4                DMA1_Stream4_IRQHandler
 .text.USART1_IRQHandler
                0x080044b0        0xc Src\stm32f4xx_it.o
                0x080044b0                USART1_IRQHandler
 .text.TIM6_DAC_IRQHandler
                0x080044bc       0x1c Src\stm32f4xx_it.o
                0x080044bc                TIM6_DAC_IRQHandler
 .text.DMA2_Stream0_IRQHandler
                0x080044d8        0xc Src\stm32f4xx_it.o
                0x080044d8                DMA2_Stream0_IRQHandler
 .text.DMA2_Stream1_IRQHandler
                0x080044e4        0xc Src\stm32f4xx_it.o
                0x080044e4                DMA2_Stream1_IRQHandler
 .text.DMA2_Stream2_IRQHandler
                0x080044f0        0xc Src\stm32f4xx_it.o
                0x080044f0                DMA2_Stream2_IRQHandler
 .text.DMA2_Stream5_IRQHandler
                0x080044fc        0xc Src\stm32f4xx_it.o
                0x080044fc                DMA2_Stream5_IRQHandler
 .text.DMA2_Stream7_IRQHandler
                0x08004508        0xc Src\stm32f4xx_it.o
                0x08004508                DMA2_Stream7_IRQHandler
 .text._read    0x08004514       0x1c Src\syscalls.o
                0x08004514                _read
 .text._write   0x08004530       0x1c Src\syscalls.o
                0x08004530                _write
 .text._sbrk    0x0800454c       0x34 Src\syscalls.o
                0x0800454c                _sbrk
 .text._close   0x08004580        0x6 Src\syscalls.o
                0x08004580                _close
 .text._fstat   0x08004586        0xa Src\syscalls.o
                0x08004586                _fstat
 .text._isatty  0x08004590        0x4 Src\syscalls.o
                0x08004590                _isatty
 .text._lseek   0x08004594        0x4 Src\syscalls.o
                0x08004594                _lseek
 .text.SystemInit
                0x08004598       0x4c Src\system_stm32f4xx.o
                0x08004598                SystemInit
 .text.MX_TIM1_Init
                0x080045e4       0xfc Src\tim.o
                0x080045e4                MX_TIM1_Init
 .text.MX_TIM2_Init
                0x080046e0       0x5c Src\tim.o
                0x080046e0                MX_TIM2_Init
 .text.MX_TIM3_Init
                0x0800473c       0x5c Src\tim.o
                0x0800473c                MX_TIM3_Init
 .text.MX_TIM6_Init
                0x08004798       0x44 Src\tim.o
                0x08004798                MX_TIM6_Init
 .text.HAL_TIM_Base_MspInit
                0x080047dc      0x120 Src\tim.o
                0x080047dc                HAL_TIM_Base_MspInit
 .text.HAL_TIM_Encoder_MspInit
                0x080048fc       0xd8 Src\tim.o
                0x080048fc                HAL_TIM_Encoder_MspInit
 .text.HAL_TIM_MspPostInit
                0x080049d4       0x58 Src\tim.o
                0x080049d4                HAL_TIM_MspPostInit
 .text.MX_TIM4_Init
                0x08004a2c       0xd0 Src\tim.o
                0x08004a2c                MX_TIM4_Init
 .text.MX_USART1_UART_Init
                0x08004afc       0x38 Src\usart.o
                0x08004afc                MX_USART1_UART_Init
 .text.HAL_UART_MspInit
                0x08004b34       0xf8 Src\usart.o
                0x08004b34                HAL_UART_MspInit
 .text.Reset_Handler
                0x08004c2c       0x50 startup\startup_stm32f413xx.o
                0x08004c2c                Reset_Handler
 .text.Default_Handler
                0x08004c7c        0x2 startup\startup_stm32f413xx.o
                0x08004c7c                RTC_Alarm_IRQHandler
                0x08004c7c                EXTI2_IRQHandler
                0x08004c7c                TIM8_CC_IRQHandler
                0x08004c7c                UART8_IRQHandler
                0x08004c7c                FMPI2C1_EV_IRQHandler
                0x08004c7c                SPI4_IRQHandler
                0x08004c7c                TIM1_CC_IRQHandler
                0x08004c7c                DMA1_Stream5_IRQHandler
                0x08004c7c                CAN3_RX1_IRQHandler
                0x08004c7c                PVD_IRQHandler
                0x08004c7c                SDIO_IRQHandler
                0x08004c7c                TAMP_STAMP_IRQHandler
                0x08004c7c                CAN2_RX1_IRQHandler
                0x08004c7c                EXTI3_IRQHandler
                0x08004c7c                TIM8_TRG_COM_TIM14_IRQHandler
                0x08004c7c                DFSDM1_FLT1_IRQHandler
                0x08004c7c                TIM1_UP_TIM10_IRQHandler
                0x08004c7c                TIM8_UP_TIM13_IRQHandler
                0x08004c7c                I2C3_ER_IRQHandler
                0x08004c7c                EXTI0_IRQHandler
                0x08004c7c                I2C2_EV_IRQHandler
                0x08004c7c                DMA1_Stream2_IRQHandler
                0x08004c7c                CAN1_RX0_IRQHandler
                0x08004c7c                FPU_IRQHandler
                0x08004c7c                CAN3_SCE_IRQHandler
                0x08004c7c                CAN2_SCE_IRQHandler
                0x08004c7c                SPI1_IRQHandler
                0x08004c7c                TIM1_BRK_TIM9_IRQHandler
                0x08004c7c                CAN2_RX0_IRQHandler
                0x08004c7c                DMA2_Stream3_IRQHandler
                0x08004c7c                USART6_IRQHandler
                0x08004c7c                CAN3_RX0_IRQHandler
                0x08004c7c                USART3_IRQHandler
                0x08004c7c                DFSDM2_FLT3_IRQHandler
                0x08004c7c                CAN1_RX1_IRQHandler
                0x08004c7c                UART5_IRQHandler
                0x08004c7c                TIM4_IRQHandler
                0x08004c7c                QUADSPI_IRQHandler
                0x08004c7c                I2C1_EV_IRQHandler
                0x08004c7c                DMA1_Stream6_IRQHandler
                0x08004c7c                DMA1_Stream1_IRQHandler
                0x08004c7c                UART4_IRQHandler
                0x08004c7c                TIM3_IRQHandler
                0x08004c7c                RCC_IRQHandler
                0x08004c7c                UART9_IRQHandler
                0x08004c7c                TIM8_BRK_TIM12_IRQHandler
                0x08004c7c                Default_Handler
                0x08004c7c                EXTI15_10_IRQHandler
                0x08004c7c                ADC_IRQHandler
                0x08004c7c                DMA1_Stream7_IRQHandler
                0x08004c7c                DFSDM2_FLT0_IRQHandler
                0x08004c7c                SPI5_IRQHandler
                0x08004c7c                TIM7_IRQHandler
                0x08004c7c                CAN2_TX_IRQHandler
                0x08004c7c                TIM5_IRQHandler
                0x08004c7c                I2C3_EV_IRQHandler
                0x08004c7c                DFSDM2_FLT2_IRQHandler
                0x08004c7c                EXTI9_5_IRQHandler
                0x08004c7c                RTC_WKUP_IRQHandler
                0x08004c7c                SPI2_IRQHandler
                0x08004c7c                DMA1_Stream0_IRQHandler
                0x08004c7c                CAN1_TX_IRQHandler
                0x08004c7c                FMPI2C1_ER_IRQHandler
                0x08004c7c                EXTI4_IRQHandler
                0x08004c7c                DFSDM2_FLT1_IRQHandler
                0x08004c7c                RNG_IRQHandler
                0x08004c7c                FSMC_IRQHandler
                0x08004c7c                WWDG_IRQHandler
                0x08004c7c                CAN3_TX_IRQHandler
                0x08004c7c                TIM2_IRQHandler
                0x08004c7c                OTG_FS_WKUP_IRQHandler
                0x08004c7c                TIM1_TRG_COM_TIM11_IRQHandler
                0x08004c7c                EXTI1_IRQHandler
                0x08004c7c                UART7_IRQHandler
                0x08004c7c                USART2_IRQHandler
                0x08004c7c                DFSDM1_FLT0_IRQHandler
                0x08004c7c                I2C2_ER_IRQHandler
                0x08004c7c                CAN1_SCE_IRQHandler
                0x08004c7c                FLASH_IRQHandler
                0x08004c7c                DMA2_Stream4_IRQHandler
                0x08004c7c                OTG_FS_IRQHandler
                0x08004c7c                SPI3_IRQHandler
                0x08004c7c                I2C1_ER_IRQHandler
                0x08004c7c                LPTIM1_IRQHandler
                0x08004c7c                DMA2_Stream6_IRQHandler
                0x08004c7c                UART10_IRQHandler
                0x08004c7c                SAI1_IRQHandler
 *fill*         0x08004c7e        0x2 
 .text.__errno  0x08004c80        0xc c:/program files (x86)/atollic/truestudio for stm32 9.2.0/armtools/bin/../lib/gcc/arm-atollic-eabi/6.3.1/../../../../arm-atollic-eabi/lib/armv7e-m/fpu\libc_nano.a(lib_a-errno.o)
                0x08004c80                __errno
 .text.__sflush_r
                0x08004c8c      0x110 c:/program files (x86)/atollic/truestudio for stm32 9.2.0/armtools/bin/../lib/gcc/arm-atollic-eabi/6.3.1/../../../../arm-atollic-eabi/lib/armv7e-m/fpu\libc_nano.a(lib_a-fflush.o)
                0x08004c8c                __sflush_r
 .text._fflush_r
                0x08004d9c       0x54 c:/program files (x86)/atollic/truestudio for stm32 9.2.0/armtools/bin/../lib/gcc/arm-atollic-eabi/6.3.1/../../../../arm-atollic-eabi/lib/armv7e-m/fpu\libc_nano.a(lib_a-fflush.o)
                0x08004d9c                _fflush_r
 .text.fflush   0x08004df0       0x24 c:/program files (x86)/atollic/truestudio for stm32 9.2.0/armtools/bin/../lib/gcc/arm-atollic-eabi/6.3.1/../../../../arm-atollic-eabi/lib/armv7e-m/fpu\libc_nano.a(lib_a-fflush.o)
                0x08004df0                fflush
 .text._cleanup_r
                0x08004e14        0xc c:/program files (x86)/atollic/truestudio for stm32 9.2.0/armtools/bin/../lib/gcc/arm-atollic-eabi/6.3.1/../../../../arm-atollic-eabi/lib/armv7e-m/fpu\libc_nano.a(lib_a-findfp.o)
                0x08004e14                _cleanup_r
 .text.std.isra.0
                0x08004e20       0x48 c:/program files (x86)/atollic/truestudio for stm32 9.2.0/armtools/bin/../lib/gcc/arm-atollic-eabi/6.3.1/../../../../arm-atollic-eabi/lib/armv7e-m/fpu\libc_nano.a(lib_a-findfp.o)
 .text.__sfmoreglue
                0x08004e68       0x2c c:/program files (x86)/atollic/truestudio for stm32 9.2.0/armtools/bin/../lib/gcc/arm-atollic-eabi/6.3.1/../../../../arm-atollic-eabi/lib/armv7e-m/fpu\libc_nano.a(lib_a-findfp.o)
                0x08004e68                __sfmoreglue
 .text.__sinit  0x08004e94       0x60 c:/program files (x86)/atollic/truestudio for stm32 9.2.0/armtools/bin/../lib/gcc/arm-atollic-eabi/6.3.1/../../../../arm-atollic-eabi/lib/armv7e-m/fpu\libc_nano.a(lib_a-findfp.o)
                0x08004e94                __sinit
 .text.__sfp    0x08004ef4       0x78 c:/program files (x86)/atollic/truestudio for stm32 9.2.0/armtools/bin/../lib/gcc/arm-atollic-eabi/6.3.1/../../../../arm-atollic-eabi/lib/armv7e-m/fpu\libc_nano.a(lib_a-findfp.o)
                0x08004ef4                __sfp
 .text._fwalk_reent
                0x08004f6c       0x3c c:/program files (x86)/atollic/truestudio for stm32 9.2.0/armtools/bin/../lib/gcc/arm-atollic-eabi/6.3.1/../../../../arm-atollic-eabi/lib/armv7e-m/fpu\libc_nano.a(lib_a-fwalk.o)
                0x08004f6c                _fwalk_reent
 .text.__libc_init_array
                0x08004fa8       0x48 c:/program files (x86)/atollic/truestudio for stm32 9.2.0/armtools/bin/../lib/gcc/arm-atollic-eabi/6.3.1/../../../../arm-atollic-eabi/lib/armv7e-m/fpu\libc_nano.a(lib_a-init.o)
                0x08004fa8                __libc_init_array
 .text.memset   0x08004ff0       0x10 c:/program files (x86)/atollic/truestudio for stm32 9.2.0/armtools/bin/../lib/gcc/arm-atollic-eabi/6.3.1/../../../../arm-atollic-eabi/lib/armv7e-m/fpu\libc_nano.a(lib_a-memset.o)
                0x08004ff0                memset
 .text._free_r  0x08005000       0x9c c:/program files (x86)/atollic/truestudio for stm32 9.2.0/armtools/bin/../lib/gcc/arm-atollic-eabi/6.3.1/../../../../arm-atollic-eabi/lib/armv7e-m/fpu\libc_nano.a(lib_a-nano-freer.o)
                0x08005000                _free_r
 .text._malloc_r
                0x0800509c       0xbc c:/program files (x86)/atollic/truestudio for stm32 9.2.0/armtools/bin/../lib/gcc/arm-atollic-eabi/6.3.1/../../../../arm-atollic-eabi/lib/armv7e-m/fpu\libc_nano.a(lib_a-nano-mallocr.o)
                0x0800509c                _malloc_r
 .text.__cvt    0x08005158       0xc2 c:/program files (x86)/atollic/truestudio for stm32 9.2.0/armtools/bin/../lib/gcc/arm-atollic-eabi/6.3.1/../../../../arm-atollic-eabi/lib/armv7e-m/fpu\libc_nano.a(lib_a-nano-vfprintf_float.o)
                0x08005158                __cvt
 .text.__exponent
                0x0800521a       0x6a c:/program files (x86)/atollic/truestudio for stm32 9.2.0/armtools/bin/../lib/gcc/arm-atollic-eabi/6.3.1/../../../../arm-atollic-eabi/lib/armv7e-m/fpu\libc_nano.a(lib_a-nano-vfprintf_float.o)
                0x0800521a                __exponent
 .text._printf_float
                0x08005284      0x480 c:/program files (x86)/atollic/truestudio for stm32 9.2.0/armtools/bin/../lib/gcc/arm-atollic-eabi/6.3.1/../../../../arm-atollic-eabi/lib/armv7e-m/fpu\libc_nano.a(lib_a-nano-vfprintf_float.o)
                0x08005284                _printf_float
 .text._printf_common
                0x08005704       0xec c:/program files (x86)/atollic/truestudio for stm32 9.2.0/armtools/bin/../lib/gcc/arm-atollic-eabi/6.3.1/../../../../arm-atollic-eabi/lib/armv7e-m/fpu\libc_nano.a(lib_a-nano-vfprintf_i.o)
                0x08005704                _printf_common
 .text._printf_i
                0x080057f0      0x240 c:/program files (x86)/atollic/truestudio for stm32 9.2.0/armtools/bin/../lib/gcc/arm-atollic-eabi/6.3.1/../../../../arm-atollic-eabi/lib/armv7e-m/fpu\libc_nano.a(lib_a-nano-vfprintf_i.o)
                0x080057f0                _printf_i
 .text.printf   0x08005a30       0x30 c:/program files (x86)/atollic/truestudio for stm32 9.2.0/armtools/bin/../lib/gcc/arm-atollic-eabi/6.3.1/../../../../arm-atollic-eabi/lib/armv7e-m/fpu\libc_nano.a(lib_a-printf.o)
                0x08005a30                iprintf
                0x08005a30                printf
 .text._sbrk_r  0x08005a60       0x20 c:/program files (x86)/atollic/truestudio for stm32 9.2.0/armtools/bin/../lib/gcc/arm-atollic-eabi/6.3.1/../../../../arm-atollic-eabi/lib/armv7e-m/fpu\libc_nano.a(lib_a-sbrkr.o)
                0x08005a60                _sbrk_r
 .text.setbuf   0x08005a80       0x10 c:/program files (x86)/atollic/truestudio for stm32 9.2.0/armtools/bin/../lib/gcc/arm-atollic-eabi/6.3.1/../../../../arm-atollic-eabi/lib/armv7e-m/fpu\libc_nano.a(lib_a-setbuf.o)
                0x08005a80                setbuf
 .text.setvbuf  0x08005a90      0x15c c:/program files (x86)/atollic/truestudio for stm32 9.2.0/armtools/bin/../lib/gcc/arm-atollic-eabi/6.3.1/../../../../arm-atollic-eabi/lib/armv7e-m/fpu\libc_nano.a(lib_a-setvbuf.o)
                0x08005a90                setvbuf
 .text.__sread  0x08005bec       0x22 c:/program files (x86)/atollic/truestudio for stm32 9.2.0/armtools/bin/../lib/gcc/arm-atollic-eabi/6.3.1/../../../../arm-atollic-eabi/lib/armv7e-m/fpu\libc_nano.a(lib_a-stdio.o)
                0x08005bec                __sread
 .text.__swrite
                0x08005c0e       0x38 c:/program files (x86)/atollic/truestudio for stm32 9.2.0/armtools/bin/../lib/gcc/arm-atollic-eabi/6.3.1/../../../../arm-atollic-eabi/lib/armv7e-m/fpu\libc_nano.a(lib_a-stdio.o)
                0x08005c0e                __swrite
 .text.__sseek  0x08005c46       0x24 c:/program files (x86)/atollic/truestudio for stm32 9.2.0/armtools/bin/../lib/gcc/arm-atollic-eabi/6.3.1/../../../../arm-atollic-eabi/lib/armv7e-m/fpu\libc_nano.a(lib_a-stdio.o)
                0x08005c46                __sseek
 .text.__sclose
                0x08005c6a        0x8 c:/program files (x86)/atollic/truestudio for stm32 9.2.0/armtools/bin/../lib/gcc/arm-atollic-eabi/6.3.1/../../../../arm-atollic-eabi/lib/armv7e-m/fpu\libc_nano.a(lib_a-stdio.o)
                0x08005c6a                __sclose
 *fill*         0x08005c72        0x2 
 .text._write_r
                0x08005c74       0x24 c:/program files (x86)/atollic/truestudio for stm32 9.2.0/armtools/bin/../lib/gcc/arm-atollic-eabi/6.3.1/../../../../arm-atollic-eabi/lib/armv7e-m/fpu\libc_nano.a(lib_a-writer.o)
                0x08005c74                _write_r
 .text._close_r
                0x08005c98       0x20 c:/program files (x86)/atollic/truestudio for stm32 9.2.0/armtools/bin/../lib/gcc/arm-atollic-eabi/6.3.1/../../../../arm-atollic-eabi/lib/armv7e-m/fpu\libc_nano.a(lib_a-closer.o)
                0x08005c98                _close_r
 .text.quorem   0x08005cb8      0x118 c:/program files (x86)/atollic/truestudio for stm32 9.2.0/armtools/bin/../lib/gcc/arm-atollic-eabi/6.3.1/../../../../arm-atollic-eabi/lib/armv7e-m/fpu\libc_nano.a(lib_a-dtoa.o)
 .text._dtoa_r  0x08005dd0      0xb9c c:/program files (x86)/atollic/truestudio for stm32 9.2.0/armtools/bin/../lib/gcc/arm-atollic-eabi/6.3.1/../../../../arm-atollic-eabi/lib/armv7e-m/fpu\libc_nano.a(lib_a-dtoa.o)
                0x08005dd0                _dtoa_r
 .text._localeconv_r
                0x0800696c       0x1c c:/program files (x86)/atollic/truestudio for stm32 9.2.0/armtools/bin/../lib/gcc/arm-atollic-eabi/6.3.1/../../../../arm-atollic-eabi/lib/armv7e-m/fpu\libc_nano.a(lib_a-localeconv.o)
                0x0800696c                _localeconv_r
 .text._lseek_r
                0x08006988       0x24 c:/program files (x86)/atollic/truestudio for stm32 9.2.0/armtools/bin/../lib/gcc/arm-atollic-eabi/6.3.1/../../../../arm-atollic-eabi/lib/armv7e-m/fpu\libc_nano.a(lib_a-lseekr.o)
                0x08006988                _lseek_r
 .text.__swhatbuf_r
                0x080069ac       0x48 c:/program files (x86)/atollic/truestudio for stm32 9.2.0/armtools/bin/../lib/gcc/arm-atollic-eabi/6.3.1/../../../../arm-atollic-eabi/lib/armv7e-m/fpu\libc_nano.a(lib_a-makebuf.o)
                0x080069ac                __swhatbuf_r
 .text.__smakebuf_r
                0x080069f4       0x80 c:/program files (x86)/atollic/truestudio for stm32 9.2.0/armtools/bin/../lib/gcc/arm-atollic-eabi/6.3.1/../../../../arm-atollic-eabi/lib/armv7e-m/fpu\libc_nano.a(lib_a-makebuf.o)
                0x080069f4                __smakebuf_r
 .text.malloc   0x08006a74       0x10 c:/program files (x86)/atollic/truestudio for stm32 9.2.0/armtools/bin/../lib/gcc/arm-atollic-eabi/6.3.1/../../../../arm-atollic-eabi/lib/armv7e-m/fpu\libc_nano.a(lib_a-malloc.o)
                0x08006a74                malloc
 .text.memcpy   0x08006a84       0x16 c:/program files (x86)/atollic/truestudio for stm32 9.2.0/armtools/bin/../lib/gcc/arm-atollic-eabi/6.3.1/../../../../arm-atollic-eabi/lib/armv7e-m/fpu\libc_nano.a(lib_a-memcpy-stub.o)
                0x08006a84                memcpy
 .text.__malloc_lock
                0x08006a9a        0x2 c:/program files (x86)/atollic/truestudio for stm32 9.2.0/armtools/bin/../lib/gcc/arm-atollic-eabi/6.3.1/../../../../arm-atollic-eabi/lib/armv7e-m/fpu\libc_nano.a(lib_a-mlock.o)
                0x08006a9a                __malloc_lock
 .text.__malloc_unlock
                0x08006a9c        0x2 c:/program files (x86)/atollic/truestudio for stm32 9.2.0/armtools/bin/../lib/gcc/arm-atollic-eabi/6.3.1/../../../../arm-atollic-eabi/lib/armv7e-m/fpu\libc_nano.a(lib_a-mlock.o)
                0x08006a9c                __malloc_unlock
 .text._Balloc  0x08006a9e       0x68 c:/program files (x86)/atollic/truestudio for stm32 9.2.0/armtools/bin/../lib/gcc/arm-atollic-eabi/6.3.1/../../../../arm-atollic-eabi/lib/armv7e-m/fpu\libc_nano.a(lib_a-mprec.o)
                0x08006a9e                _Balloc
 .text._Bfree   0x08006b06       0x2e c:/program files (x86)/atollic/truestudio for stm32 9.2.0/armtools/bin/../lib/gcc/arm-atollic-eabi/6.3.1/../../../../arm-atollic-eabi/lib/armv7e-m/fpu\libc_nano.a(lib_a-mprec.o)
                0x08006b06                _Bfree
 .text.__multadd
                0x08006b34       0x76 c:/program files (x86)/atollic/truestudio for stm32 9.2.0/armtools/bin/../lib/gcc/arm-atollic-eabi/6.3.1/../../../../arm-atollic-eabi/lib/armv7e-m/fpu\libc_nano.a(lib_a-mprec.o)
                0x08006b34                __multadd
 .text.__hi0bits
                0x08006baa       0x3e c:/program files (x86)/atollic/truestudio for stm32 9.2.0/armtools/bin/../lib/gcc/arm-atollic-eabi/6.3.1/../../../../arm-atollic-eabi/lib/armv7e-m/fpu\libc_nano.a(lib_a-mprec.o)
                0x08006baa                __hi0bits
 .text.__lo0bits
                0x08006be8       0x5e c:/program files (x86)/atollic/truestudio for stm32 9.2.0/armtools/bin/../lib/gcc/arm-atollic-eabi/6.3.1/../../../../arm-atollic-eabi/lib/armv7e-m/fpu\libc_nano.a(lib_a-mprec.o)
                0x08006be8                __lo0bits
 .text.__i2b    0x08006c46       0x12 c:/program files (x86)/atollic/truestudio for stm32 9.2.0/armtools/bin/../lib/gcc/arm-atollic-eabi/6.3.1/../../../../arm-atollic-eabi/lib/armv7e-m/fpu\libc_nano.a(lib_a-mprec.o)
                0x08006c46                __i2b
 .text.__multiply
                0x08006c58      0x11a c:/program files (x86)/atollic/truestudio for stm32 9.2.0/armtools/bin/../lib/gcc/arm-atollic-eabi/6.3.1/../../../../arm-atollic-eabi/lib/armv7e-m/fpu\libc_nano.a(lib_a-mprec.o)
                0x08006c58                __multiply
 *fill*         0x08006d72        0x2 
 .text.__pow5mult
                0x08006d74       0x9c c:/program files (x86)/atollic/truestudio for stm32 9.2.0/armtools/bin/../lib/gcc/arm-atollic-eabi/6.3.1/../../../../arm-atollic-eabi/lib/armv7e-m/fpu\libc_nano.a(lib_a-mprec.o)
                0x08006d74                __pow5mult
 .text.__lshift
                0x08006e10       0xa2 c:/program files (x86)/atollic/truestudio for stm32 9.2.0/armtools/bin/../lib/gcc/arm-atollic-eabi/6.3.1/../../../../arm-atollic-eabi/lib/armv7e-m/fpu\libc_nano.a(lib_a-mprec.o)
                0x08006e10                __lshift
 .text.__mcmp   0x08006eb2       0x34 c:/program files (x86)/atollic/truestudio for stm32 9.2.0/armtools/bin/../lib/gcc/arm-atollic-eabi/6.3.1/../../../../arm-atollic-eabi/lib/armv7e-m/fpu\libc_nano.a(lib_a-mprec.o)
                0x08006eb2                __mcmp
 .text.__mdiff  0x08006ee6       0xbc c:/program files (x86)/atollic/truestudio for stm32 9.2.0/armtools/bin/../lib/gcc/arm-atollic-eabi/6.3.1/../../../../arm-atollic-eabi/lib/armv7e-m/fpu\libc_nano.a(lib_a-mprec.o)
                0x08006ee6                __mdiff
 .text.__d2b    0x08006fa2       0x9e c:/program files (x86)/atollic/truestudio for stm32 9.2.0/armtools/bin/../lib/gcc/arm-atollic-eabi/6.3.1/../../../../arm-atollic-eabi/lib/armv7e-m/fpu\libc_nano.a(lib_a-mprec.o)
                0x08006fa2                __d2b
 .text._calloc_r
                0x08007040       0x1c c:/program files (x86)/atollic/truestudio for stm32 9.2.0/armtools/bin/../lib/gcc/arm-atollic-eabi/6.3.1/../../../../arm-atollic-eabi/lib/armv7e-m/fpu\libc_nano.a(lib_a-nano-callocr.o)
                0x08007040                _calloc_r
 .text.__sfputc_r
                0x0800705c       0x30 c:/program files (x86)/atollic/truestudio for stm32 9.2.0/armtools/bin/../lib/gcc/arm-atollic-eabi/6.3.1/../../../../arm-atollic-eabi/lib/armv7e-m/fpu\libc_nano.a(lib_a-nano-vfprintf.o)
 .text.__sfputs_r
                0x0800708c       0x24 c:/program files (x86)/atollic/truestudio for stm32 9.2.0/armtools/bin/../lib/gcc/arm-atollic-eabi/6.3.1/../../../../arm-atollic-eabi/lib/armv7e-m/fpu\libc_nano.a(lib_a-nano-vfprintf.o)
                0x0800708c                __sfputs_r
 .text._vfprintf_r
                0x080070b0      0x22c c:/program files (x86)/atollic/truestudio for stm32 9.2.0/armtools/bin/../lib/gcc/arm-atollic-eabi/6.3.1/../../../../arm-atollic-eabi/lib/armv7e-m/fpu\libc_nano.a(lib_a-nano-vfprintf.o)
                0x080070b0                _vfprintf_r
                0x080070b0                _vfiprintf_r
 .text._read_r  0x080072dc       0x24 c:/program files (x86)/atollic/truestudio for stm32 9.2.0/armtools/bin/../lib/gcc/arm-atollic-eabi/6.3.1/../../../../arm-atollic-eabi/lib/armv7e-m/fpu\libc_nano.a(lib_a-readr.o)
                0x080072dc                _read_r
 .text.__swbuf_r
                0x08007300       0xa4 c:/program files (x86)/atollic/truestudio for stm32 9.2.0/armtools/bin/../lib/gcc/arm-atollic-eabi/6.3.1/../../../../arm-atollic-eabi/lib/armv7e-m/fpu\libc_nano.a(lib_a-wbuf.o)
                0x08007300                __swbuf_r
 .text.__swsetup_r
                0x080073a4       0xdc c:/program files (x86)/atollic/truestudio for stm32 9.2.0/armtools/bin/../lib/gcc/arm-atollic-eabi/6.3.1/../../../../arm-atollic-eabi/lib/armv7e-m/fpu\libc_nano.a(lib_a-wsetup.o)
                0x080073a4                __swsetup_r
 .text._fstat_r
                0x08007480       0x24 c:/program files (x86)/atollic/truestudio for stm32 9.2.0/armtools/bin/../lib/gcc/arm-atollic-eabi/6.3.1/../../../../arm-atollic-eabi/lib/armv7e-m/fpu\libc_nano.a(lib_a-fstatr.o)
                0x08007480                _fstat_r
 .text._isatty_r
                0x080074a4       0x20 c:/program files (x86)/atollic/truestudio for stm32 9.2.0/armtools/bin/../lib/gcc/arm-atollic-eabi/6.3.1/../../../../arm-atollic-eabi/lib/armv7e-m/fpu\libc_nano.a(lib_a-isattyr.o)
                0x080074a4                _isatty_r
 .text.__ascii_mbtowc
                0x080074c4       0x24 c:/program files (x86)/atollic/truestudio for stm32 9.2.0/armtools/bin/../lib/gcc/arm-atollic-eabi/6.3.1/../../../../arm-atollic-eabi/lib/armv7e-m/fpu\libc_nano.a(lib_a-mbtowc_r.o)
                0x080074c4                __ascii_mbtowc
 .text.__ascii_wctomb
                0x080074e8       0x1a c:/program files (x86)/atollic/truestudio for stm32 9.2.0/armtools/bin/../lib/gcc/arm-atollic-eabi/6.3.1/../../../../arm-atollic-eabi/lib/armv7e-m/fpu\libc_nano.a(lib_a-wctomb_r.o)
                0x080074e8                __ascii_wctomb
 *(.glue_7)
 .glue_7        0x08007502        0x0 linker stubs
 *(.glue_7t)
 .glue_7t       0x08007502        0x0 linker stubs
 *(.eh_frame)
 *fill*         0x08007502        0x2 
 .eh_frame      0x08007504        0x0 c:/program files (x86)/atollic/truestudio for stm32 9.2.0/armtools/bin/../lib/gcc/arm-atollic-eabi/6.3.1/armv7e-m/fpu/crtbegin.o
 *(.init)
 .init          0x08007504        0x4 c:/program files (x86)/atollic/truestudio for stm32 9.2.0/armtools/bin/../lib/gcc/arm-atollic-eabi/6.3.1/armv7e-m/fpu/crti.o
                0x08007504                _init
 .init          0x08007508        0x8 c:/program files (x86)/atollic/truestudio for stm32 9.2.0/armtools/bin/../lib/gcc/arm-atollic-eabi/6.3.1/armv7e-m/fpu/crtn.o
 *(.fini)
 .fini          0x08007510        0x4 c:/program files (x86)/atollic/truestudio for stm32 9.2.0/armtools/bin/../lib/gcc/arm-atollic-eabi/6.3.1/armv7e-m/fpu/crti.o
                0x08007510                _fini
 .fini          0x08007514        0x8 c:/program files (x86)/atollic/truestudio for stm32 9.2.0/armtools/bin/../lib/gcc/arm-atollic-eabi/6.3.1/armv7e-m/fpu/crtn.o
                0x0800751c                . = ALIGN (0x4)
                0x0800751c                _etext = .

.vfp11_veneer   0x0800751c        0x0
 .vfp11_veneer  0x0800751c        0x0 linker stubs

.v4_bx          0x0800751c        0x0
 .v4_bx         0x0800751c        0x0 linker stubs

.iplt           0x0800751c        0x0
 .iplt          0x0800751c        0x0 c:/program files (x86)/atollic/truestudio for stm32 9.2.0/armtools/bin/../lib/gcc/arm-atollic-eabi/6.3.1/armv7e-m/fpu/crtbegin.o

.rodata         0x08007520      0x400
                0x08007520                . = ALIGN (0x4)
 *(.rodata)
 *(.rodata*)
 .rodata.flagBitshiftOffset.8280
                0x08007520        0x8 Drivers\STM32F4xx_HAL_Driver\Src\stm32f4xx_hal_dma.o
 .rodata.module_test.str1.1
                0x08007528      0x11a Src\module_test.o
 .rodata.AHBPrescTable
                0x08007642       0x10 Src\system_stm32f4xx.o
                0x08007642                AHBPrescTable
 .rodata.APBPrescTable
                0x08007652        0x8 Src\system_stm32f4xx.o
                0x08007652                APBPrescTable
 *fill*         0x0800765a        0x2 
 .rodata.__sf_fake_stderr
                0x0800765c       0x20 c:/program files (x86)/atollic/truestudio for stm32 9.2.0/armtools/bin/../lib/gcc/arm-atollic-eabi/6.3.1/../../../../arm-atollic-eabi/lib/armv7e-m/fpu\libc_nano.a(lib_a-findfp.o)
                0x0800765c                __sf_fake_stderr
 .rodata.__sf_fake_stdin
                0x0800767c       0x20 c:/program files (x86)/atollic/truestudio for stm32 9.2.0/armtools/bin/../lib/gcc/arm-atollic-eabi/6.3.1/../../../../arm-atollic-eabi/lib/armv7e-m/fpu\libc_nano.a(lib_a-findfp.o)
                0x0800767c                __sf_fake_stdin
 .rodata.__sf_fake_stdout
                0x0800769c       0x20 c:/program files (x86)/atollic/truestudio for stm32 9.2.0/armtools/bin/../lib/gcc/arm-atollic-eabi/6.3.1/../../../../arm-atollic-eabi/lib/armv7e-m/fpu\libc_nano.a(lib_a-findfp.o)
                0x0800769c                __sf_fake_stdout
 .rodata._global_impure_ptr
                0x080076bc        0x4 c:/program files (x86)/atollic/truestudio for stm32 9.2.0/armtools/bin/../lib/gcc/arm-atollic-eabi/6.3.1/../../../../arm-atollic-eabi/lib/armv7e-m/fpu\libc_nano.a(lib_a-impure.o)
                0x080076bc                _global_impure_ptr
 .rodata._printf_float.str1.1
                0x080076c0       0x12 c:/program files (x86)/atollic/truestudio for stm32 9.2.0/armtools/bin/../lib/gcc/arm-atollic-eabi/6.3.1/../../../../arm-atollic-eabi/lib/armv7e-m/fpu\libc_nano.a(lib_a-nano-vfprintf_float.o)
 .rodata._printf_i.str1.1
                0x080076d2       0x22 c:/program files (x86)/atollic/truestudio for stm32 9.2.0/armtools/bin/../lib/gcc/arm-atollic-eabi/6.3.1/../../../../arm-atollic-eabi/lib/armv7e-m/fpu\libc_nano.a(lib_a-nano-vfprintf_i.o)
 .rodata._dtoa_r.str1.1
                0x080076f4        0xd c:/program files (x86)/atollic/truestudio for stm32 9.2.0/armtools/bin/../lib/gcc/arm-atollic-eabi/6.3.1/../../../../arm-atollic-eabi/lib/armv7e-m/fpu\libc_nano.a(lib_a-dtoa.o)
                                  0xf (size before relaxing)
 *fill*         0x08007701        0x7 
 .rodata.__mprec_bigtens
                0x08007708       0x28 c:/program files (x86)/atollic/truestudio for stm32 9.2.0/armtools/bin/../lib/gcc/arm-atollic-eabi/6.3.1/../../../../arm-atollic-eabi/lib/armv7e-m/fpu\libc_nano.a(lib_a-mprec.o)
                0x08007708                __mprec_bigtens
 .rodata.__mprec_tens
                0x08007730       0xc8 c:/program files (x86)/atollic/truestudio for stm32 9.2.0/armtools/bin/../lib/gcc/arm-atollic-eabi/6.3.1/../../../../arm-atollic-eabi/lib/armv7e-m/fpu\libc_nano.a(lib_a-mprec.o)
                0x08007730                __mprec_tens
 .rodata.p05.7175
                0x080077f8        0xc c:/program files (x86)/atollic/truestudio for stm32 9.2.0/armtools/bin/../lib/gcc/arm-atollic-eabi/6.3.1/../../../../arm-atollic-eabi/lib/armv7e-m/fpu\libc_nano.a(lib_a-mprec.o)
 .rodata._vfprintf_r.str1.1
                0x08007804       0x11 c:/program files (x86)/atollic/truestudio for stm32 9.2.0/armtools/bin/../lib/gcc/arm-atollic-eabi/6.3.1/../../../../arm-atollic-eabi/lib/armv7e-m/fpu\libc_nano.a(lib_a-nano-vfprintf.o)
 .rodata._setlocale_r.str1.1
                0x08007815        0x8 c:/program files (x86)/atollic/truestudio for stm32 9.2.0/armtools/bin/../lib/gcc/arm-atollic-eabi/6.3.1/../../../../arm-atollic-eabi/lib/armv7e-m/fpu\libc_nano.a(lib_a-locale.o)
                                  0x9 (size before relaxing)
 .rodata.str1.1
                0x0800781d        0x2 c:/program files (x86)/atollic/truestudio for stm32 9.2.0/armtools/bin/../lib/gcc/arm-atollic-eabi/6.3.1/../../../../arm-atollic-eabi/lib/armv7e-m/fpu\libc_nano.a(lib_a-locale.o)
 .rodata._ctype_
                0x0800781f      0x101 c:/program files (x86)/atollic/truestudio for stm32 9.2.0/armtools/bin/../lib/gcc/arm-atollic-eabi/6.3.1/../../../../arm-atollic-eabi/lib/armv7e-m/fpu\libc_nano.a(lib_a-ctype_.o)
                0x0800781f                _ctype_
                0x08007920                . = ALIGN (0x4)

.ARM.extab
 *(.ARM.extab* .gnu.linkonce.armextab.*)

.ARM            0x08007920        0x8
                0x08007920                __exidx_start = .
 *(.ARM.exidx*)
 .ARM.exidx     0x08007920        0x8 c:/program files (x86)/atollic/truestudio for stm32 9.2.0/armtools/bin/../lib/gcc/arm-atollic-eabi/6.3.1/armv7e-m/fpu\libgcc.a(_udivmoddi4.o)
                0x08007928                __exidx_end = .

.rel.dyn        0x08007928        0x0
 .rel.iplt      0x08007928        0x0 c:/program files (x86)/atollic/truestudio for stm32 9.2.0/armtools/bin/../lib/gcc/arm-atollic-eabi/6.3.1/armv7e-m/fpu/crtbegin.o

.preinit_array  0x08007928        0x0
                0x08007928                PROVIDE (__preinit_array_start, .)
 *(.preinit_array*)
                0x08007928                PROVIDE (__preinit_array_end, .)

.init_array     0x08007928        0x4
                0x08007928                PROVIDE (__init_array_start, .)
 *(SORT(.init_array.*))
 *(.init_array*)
 .init_array    0x08007928        0x4 c:/program files (x86)/atollic/truestudio for stm32 9.2.0/armtools/bin/../lib/gcc/arm-atollic-eabi/6.3.1/armv7e-m/fpu/crtbegin.o
                0x0800792c                PROVIDE (__init_array_end, .)

.fini_array     0x0800792c        0x4
                [!provide]                PROVIDE (__fini_array_start, .)
 *(SORT(.fini_array.*))
 *(.fini_array*)
 .fini_array    0x0800792c        0x4 c:/program files (x86)/atollic/truestudio for stm32 9.2.0/armtools/bin/../lib/gcc/arm-atollic-eabi/6.3.1/armv7e-m/fpu/crtbegin.o
                [!provide]                PROVIDE (__fini_array_end, .)
                0x08007930                _sidata = LOADADDR (.data)

.data           0x20000000      0x1e0 load address 0x08007930
                0x20000000                . = ALIGN (0x4)
                0x20000000                _sdata = .
 *(.data)
 *(.data*)
 .data.uwTickFreq
                0x20000000        0x1 Drivers\STM32F4xx_HAL_Driver\Src\stm32f4xx_hal.o
                0x20000000                uwTickFreq
 *fill*         0x20000001        0x3 
 .data.uwTickPrio
                0x20000004        0x4 Drivers\STM32F4xx_HAL_Driver\Src\stm32f4xx_hal.o
                0x20000004                uwTickPrio
 .data.imu_address
                0x20000008        0x1 Src\imu.o
 *fill*         0x20000009        0x3 
 .data.SystemCoreClock
                0x2000000c        0x4 Src\system_stm32f4xx.o
                0x2000000c                SystemCoreClock
 .data._impure_ptr
                0x20000010        0x4 c:/program files (x86)/atollic/truestudio for stm32 9.2.0/armtools/bin/../lib/gcc/arm-atollic-eabi/6.3.1/../../../../arm-atollic-eabi/lib/armv7e-m/fpu\libc_nano.a(lib_a-impure.o)
                0x20000010                _impure_ptr
 .data.impure_data
                0x20000014       0x60 c:/program files (x86)/atollic/truestudio for stm32 9.2.0/armtools/bin/../lib/gcc/arm-atollic-eabi/6.3.1/../../../../arm-atollic-eabi/lib/armv7e-m/fpu\libc_nano.a(lib_a-impure.o)
 .data.__global_locale
                0x20000074      0x16c c:/program files (x86)/atollic/truestudio for stm32 9.2.0/armtools/bin/../lib/gcc/arm-atollic-eabi/6.3.1/../../../../arm-atollic-eabi/lib/armv7e-m/fpu\libc_nano.a(lib_a-locale.o)
                0x20000074                __global_locale
                0x200001e0                . = ALIGN (0x4)
                0x200001e0                _edata = .

.igot.plt       0x200001e0        0x0 load address 0x08007b10
 .igot.plt      0x200001e0        0x0 c:/program files (x86)/atollic/truestudio for stm32 9.2.0/armtools/bin/../lib/gcc/arm-atollic-eabi/6.3.1/armv7e-m/fpu/crtbegin.o
                0x200001e0                . = ALIGN (0x4)

.bss            0x200001e0      0x5d8 load address 0x08007b10
                0x200001e0                _sbss = .
                0x200001e0                __bss_start__ = _sbss
 *(.bss)
 .bss           0x200001e0       0x1c c:/program files (x86)/atollic/truestudio for stm32 9.2.0/armtools/bin/../lib/gcc/arm-atollic-eabi/6.3.1/armv7e-m/fpu/crtbegin.o
 *(.bss*)
 .bss.accel_x_reference
                0x200001fc        0x2 Src\imu.o
 .bss.accel_x_value
                0x200001fe        0x2 Src\imu.o
 .bss.gyro_z_reference
                0x20000200        0x2 Src\imu.o
 .bss.gyro_z_value
                0x20000202        0x2 Src\imu.o
 .bss.imu_value
                0x20000204        0xd Src\imu.o
 *fill*         0x20000211        0x3 
 .bss.boot_time
                0x20000214        0x4 Src\interrupt.o
 .bss.boot_time_count.9233
                0x20000218        0x8 Src\interrupt.o
 .bss.interrupt_count_now
                0x20000220        0x4 Src\interrupt.o
 .bss.interrupt_count_old.9232
                0x20000224        0x4 Src\interrupt.o
 .bss.interrupt_duty
                0x20000228        0x4 Src\interrupt.o
 .bss.interrupt_duty_max
                0x2000022c        0x4 Src\interrupt.o
 .bss.adc_value
                0x20000230        0xa Src\ir_sensor.o
 .bss.battery_value
                0x2000023a        0x2 Src\ir_sensor.o
 .bss.sensor_mode
                0x2000023c        0x1 Src\ir_sensor.o
 *fill*         0x2000023d        0x1 
 .bss.sensor_off_pattern
                0x2000023e        0x2 Src\ir_sensor.o
 .bss.sensor_on_pattern
                0x20000240        0x2 Src\ir_sensor.o
 .bss.sensor_value
                0x20000242       0x10 Src\ir_sensor.o
 *fill*         0x20000252        0x2 
 .bss.heap_end.7010
                0x20000254        0x4 Src\syscalls.o
 .bss.__malloc_free_list
                0x20000258        0x4 c:/program files (x86)/atollic/truestudio for stm32 9.2.0/armtools/bin/../lib/gcc/arm-atollic-eabi/6.3.1/../../../../arm-atollic-eabi/lib/armv7e-m/fpu\libc_nano.a(lib_a-nano-mallocr.o)
                0x20000258                __malloc_free_list
 .bss.__malloc_sbrk_start
                0x2000025c        0x4 c:/program files (x86)/atollic/truestudio for stm32 9.2.0/armtools/bin/../lib/gcc/arm-atollic-eabi/6.3.1/../../../../arm-atollic-eabi/lib/armv7e-m/fpu\libc_nano.a(lib_a-nano-mallocr.o)
                0x2000025c                __malloc_sbrk_start
 *(COMMON)
 COMMON         0x20000260        0x4 Drivers\STM32F4xx_HAL_Driver\Src\stm32f4xx_hal.o
                0x20000260                uwTick
 COMMON         0x20000264       0xa8 Src\adc.o
                0x20000264                hadc1
                0x200002ac                hdma_adc1
 COMMON         0x2000030c       0x8e Src\communication.o
                0x2000030c                rx_buffer
                0x20000352                tx_buffer
                0x20000398                rx_data
                0x20000399                tx_data
 *fill*         0x2000039a        0x2 
 COMMON         0x2000039c      0x118 Src\spi.o
                0x2000039c                hspi2
                0x200003f4                hdma_spi2_rx
                0x20000454                hdma_spi2_tx
 COMMON         0x200004b4      0x200 Src\tim.o
                0x200004b4                hdma_tim1_ch1
                0x20000514                htim4
                0x20000554                hdma_tim1_ch2
                0x200005b4                htim3
                0x200005f4                htim6
                0x20000634                htim1
                0x20000674                htim2
 COMMON         0x200006b4      0x100 Src\usart.o
                0x200006b4                hdma_usart1_tx
                0x20000714                hdma_usart1_rx
                0x20000774                huart1
 COMMON         0x200007b4        0x4 c:/program files (x86)/atollic/truestudio for stm32 9.2.0/armtools/bin/../lib/gcc/arm-atollic-eabi/6.3.1/../../../../arm-atollic-eabi/lib/armv7e-m/fpu\libc_nano.a(lib_a-reent.o)
                0x200007b4                errno
                0x200007b8                . = ALIGN (0x4)
                0x200007b8                _ebss = .
                0x200007b8                __bss_end__ = _ebss

._user_heap_stack
                0x200007b8      0x600 load address 0x08007b10
                0x200007b8                . = ALIGN (0x4)
                0x200007b8                PROVIDE (end, .)
                [!provide]                PROVIDE (_end, .)
                0x200009b8                . = (. + _Min_Heap_Size)
 *fill*         0x200007b8      0x200 
                0x20000db8                . = (. + _Min_Stack_Size)
 *fill*         0x200009b8      0x400 
                0x20000db8                . = ALIGN (0x4)

/DISCARD/
 libc.a(*)
 libm.a(*)
 libgcc.a(*)

.ARM.attributes
                0x00000000       0x30
 *(.ARM.attributes)
 .ARM.attributes
                0x00000000       0x22 c:/program files (x86)/atollic/truestudio for stm32 9.2.0/armtools/bin/../lib/gcc/arm-atollic-eabi/6.3.1/armv7e-m/fpu/crti.o
 .ARM.attributes
                0x00000022       0x34 c:/program files (x86)/atollic/truestudio for stm32 9.2.0/armtools/bin/../lib/gcc/arm-atollic-eabi/6.3.1/armv7e-m/fpu/crtbegin.o
 .ARM.attributes
                0x00000056       0x39 Drivers\STM32F4xx_HAL_Driver\Src\stm32f4xx_hal.o
 .ARM.attributes
                0x0000008f       0x39 Drivers\STM32F4xx_HAL_Driver\Src\stm32f4xx_hal_adc.o
 .ARM.attributes
                0x000000c8       0x39 Drivers\STM32F4xx_HAL_Driver\Src\stm32f4xx_hal_cortex.o
 .ARM.attributes
                0x00000101       0x39 Drivers\STM32F4xx_HAL_Driver\Src\stm32f4xx_hal_dma.o
 .ARM.attributes
                0x0000013a       0x39 Drivers\STM32F4xx_HAL_Driver\Src\stm32f4xx_hal_gpio.o
 .ARM.attributes
                0x00000173       0x39 Drivers\STM32F4xx_HAL_Driver\Src\stm32f4xx_hal_rcc.o
 .ARM.attributes
                0x000001ac       0x39 Drivers\STM32F4xx_HAL_Driver\Src\stm32f4xx_hal_rcc_ex.o
 .ARM.attributes
                0x000001e5       0x39 Drivers\STM32F4xx_HAL_Driver\Src\stm32f4xx_hal_spi.o
 .ARM.attributes
                0x0000021e       0x39 Drivers\STM32F4xx_HAL_Driver\Src\stm32f4xx_hal_tim.o
 .ARM.attributes
                0x00000257       0x39 Drivers\STM32F4xx_HAL_Driver\Src\stm32f4xx_hal_tim_ex.o
 .ARM.attributes
                0x00000290       0x39 Drivers\STM32F4xx_HAL_Driver\Src\stm32f4xx_hal_uart.o
 .ARM.attributes
                0x000002c9       0x39 Src\adc.o
 .ARM.attributes
                0x00000302       0x39 Src\battery.o
 .ARM.attributes
                0x0000033b       0x39 Src\communication.o
 .ARM.attributes
                0x00000374       0x39 Src\dma.o
 .ARM.attributes
                0x000003ad       0x39 Src\encoder.o
 .ARM.attributes
                0x000003e6       0x39 Src\gpio.o
 .ARM.attributes
                0x0000041f       0x39 Src\imu.o
 .ARM.attributes
                0x00000458       0x39 Src\interrupt.o
 .ARM.attributes
                0x00000491       0x39 Src\ir_sensor.o
 .ARM.attributes
                0x000004ca       0x39 Src\main.o
 .ARM.attributes
                0x00000503       0x39 Src\module_test.o
 .ARM.attributes
                0x0000053c       0x39 Src\motor.o
 .ARM.attributes
                0x00000575       0x39 Src\spi.o
 .ARM.attributes
                0x000005ae       0x39 Src\stm32f4xx_hal_msp.o
 .ARM.attributes
                0x000005e7       0x39 Src\stm32f4xx_it.o
 .ARM.attributes
                0x00000620       0x39 Src\syscalls.o
 .ARM.attributes
                0x00000659       0x39 Src\system_stm32f4xx.o
 .ARM.attributes
                0x00000692       0x39 Src\tim.o
 .ARM.attributes
                0x000006cb       0x39 Src\usart.o
 .ARM.attributes
                0x00000704       0x21 startup\startup_stm32f413xx.o
 .ARM.attributes
                0x00000725       0x34 c:/program files (x86)/atollic/truestudio for stm32 9.2.0/armtools/bin/../lib/gcc/arm-atollic-eabi/6.3.1/../../../../arm-atollic-eabi/lib/armv7e-m/fpu\libc_nano.a(lib_a-errno.o)
 .ARM.attributes
                0x00000759       0x34 c:/program files (x86)/atollic/truestudio for stm32 9.2.0/armtools/bin/../lib/gcc/arm-atollic-eabi/6.3.1/../../../../arm-atollic-eabi/lib/armv7e-m/fpu\libc_nano.a(lib_a-fflush.o)
 .ARM.attributes
                0x0000078d       0x34 c:/program files (x86)/atollic/truestudio for stm32 9.2.0/armtools/bin/../lib/gcc/arm-atollic-eabi/6.3.1/../../../../arm-atollic-eabi/lib/armv7e-m/fpu\libc_nano.a(lib_a-findfp.o)
 .ARM.attributes
                0x000007c1       0x34 c:/program files (x86)/atollic/truestudio for stm32 9.2.0/armtools/bin/../lib/gcc/arm-atollic-eabi/6.3.1/../../../../arm-atollic-eabi/lib/armv7e-m/fpu\libc_nano.a(lib_a-fwalk.o)
 .ARM.attributes
                0x000007f5       0x34 c:/program files (x86)/atollic/truestudio for stm32 9.2.0/armtools/bin/../lib/gcc/arm-atollic-eabi/6.3.1/../../../../arm-atollic-eabi/lib/armv7e-m/fpu\libc_nano.a(lib_a-impure.o)
 .ARM.attributes
                0x00000829       0x34 c:/program files (x86)/atollic/truestudio for stm32 9.2.0/armtools/bin/../lib/gcc/arm-atollic-eabi/6.3.1/../../../../arm-atollic-eabi/lib/armv7e-m/fpu\libc_nano.a(lib_a-init.o)
 .ARM.attributes
                0x0000085d       0x34 c:/program files (x86)/atollic/truestudio for stm32 9.2.0/armtools/bin/../lib/gcc/arm-atollic-eabi/6.3.1/../../../../arm-atollic-eabi/lib/armv7e-m/fpu\libc_nano.a(lib_a-memset.o)
 .ARM.attributes
                0x00000891       0x34 c:/program files (x86)/atollic/truestudio for stm32 9.2.0/armtools/bin/../lib/gcc/arm-atollic-eabi/6.3.1/../../../../arm-atollic-eabi/lib/armv7e-m/fpu\libc_nano.a(lib_a-nano-freer.o)
 .ARM.attributes
                0x000008c5       0x34 c:/program files (x86)/atollic/truestudio for stm32 9.2.0/armtools/bin/../lib/gcc/arm-atollic-eabi/6.3.1/../../../../arm-atollic-eabi/lib/armv7e-m/fpu\libc_nano.a(lib_a-nano-mallocr.o)
 .ARM.attributes
                0x000008f9       0x34 c:/program files (x86)/atollic/truestudio for stm32 9.2.0/armtools/bin/../lib/gcc/arm-atollic-eabi/6.3.1/../../../../arm-atollic-eabi/lib/armv7e-m/fpu\libc_nano.a(lib_a-nano-vfprintf_float.o)
 .ARM.attributes
                0x0000092d       0x34 c:/program files (x86)/atollic/truestudio for stm32 9.2.0/armtools/bin/../lib/gcc/arm-atollic-eabi/6.3.1/../../../../arm-atollic-eabi/lib/armv7e-m/fpu\libc_nano.a(lib_a-nano-vfprintf_i.o)
 .ARM.attributes
                0x00000961       0x34 c:/program files (x86)/atollic/truestudio for stm32 9.2.0/armtools/bin/../lib/gcc/arm-atollic-eabi/6.3.1/../../../../arm-atollic-eabi/lib/armv7e-m/fpu\libc_nano.a(lib_a-printf.o)
 .ARM.attributes
                0x00000995       0x34 c:/program files (x86)/atollic/truestudio for stm32 9.2.0/armtools/bin/../lib/gcc/arm-atollic-eabi/6.3.1/../../../../arm-atollic-eabi/lib/armv7e-m/fpu\libc_nano.a(lib_a-sbrkr.o)
 .ARM.attributes
                0x000009c9       0x34 c:/program files (x86)/atollic/truestudio for stm32 9.2.0/armtools/bin/../lib/gcc/arm-atollic-eabi/6.3.1/../../../../arm-atollic-eabi/lib/armv7e-m/fpu\libc_nano.a(lib_a-setbuf.o)
 .ARM.attributes
                0x000009fd       0x34 c:/program files (x86)/atollic/truestudio for stm32 9.2.0/armtools/bin/../lib/gcc/arm-atollic-eabi/6.3.1/../../../../arm-atollic-eabi/lib/armv7e-m/fpu\libc_nano.a(lib_a-setvbuf.o)
 .ARM.attributes
                0x00000a31       0x34 c:/program files (x86)/atollic/truestudio for stm32 9.2.0/armtools/bin/../lib/gcc/arm-atollic-eabi/6.3.1/../../../../arm-atollic-eabi/lib/armv7e-m/fpu\libc_nano.a(lib_a-stdio.o)
 .ARM.attributes
                0x00000a65       0x1b c:/program files (x86)/atollic/truestudio for stm32 9.2.0/armtools/bin/../lib/gcc/arm-atollic-eabi/6.3.1/../../../../arm-atollic-eabi/lib/armv7e-m/fpu\libc_nano.a(lib_a-strlen.o)
 .ARM.attributes
                0x00000a80       0x34 c:/program files (x86)/atollic/truestudio for stm32 9.2.0/armtools/bin/../lib/gcc/arm-atollic-eabi/6.3.1/../../../../arm-atollic-eabi/lib/armv7e-m/fpu\libc_nano.a(lib_a-writer.o)
 .ARM.attributes
                0x00000ab4       0x34 c:/program files (x86)/atollic/truestudio for stm32 9.2.0/armtools/bin/../lib/gcc/arm-atollic-eabi/6.3.1/../../../../arm-atollic-eabi/lib/armv7e-m/fpu\libc_nano.a(lib_a-closer.o)
 .ARM.attributes
                0x00000ae8       0x34 c:/program files (x86)/atollic/truestudio for stm32 9.2.0/armtools/bin/../lib/gcc/arm-atollic-eabi/6.3.1/../../../../arm-atollic-eabi/lib/armv7e-m/fpu\libc_nano.a(lib_a-dtoa.o)
 .ARM.attributes
                0x00000b1c       0x34 c:/program files (x86)/atollic/truestudio for stm32 9.2.0/armtools/bin/../lib/gcc/arm-atollic-eabi/6.3.1/../../../../arm-atollic-eabi/lib/armv7e-m/fpu\libc_nano.a(lib_a-localeconv.o)
 .ARM.attributes
                0x00000b50       0x34 c:/program files (x86)/atollic/truestudio for stm32 9.2.0/armtools/bin/../lib/gcc/arm-atollic-eabi/6.3.1/../../../../arm-atollic-eabi/lib/armv7e-m/fpu\libc_nano.a(lib_a-lseekr.o)
 .ARM.attributes
                0x00000b84       0x34 c:/program files (x86)/atollic/truestudio for stm32 9.2.0/armtools/bin/../lib/gcc/arm-atollic-eabi/6.3.1/../../../../arm-atollic-eabi/lib/armv7e-m/fpu\libc_nano.a(lib_a-makebuf.o)
 .ARM.attributes
                0x00000bb8       0x34 c:/program files (x86)/atollic/truestudio for stm32 9.2.0/armtools/bin/../lib/gcc/arm-atollic-eabi/6.3.1/../../../../arm-atollic-eabi/lib/armv7e-m/fpu\libc_nano.a(lib_a-malloc.o)
 .ARM.attributes
                0x00000bec       0x20 c:/program files (x86)/atollic/truestudio for stm32 9.2.0/armtools/bin/../lib/gcc/arm-atollic-eabi/6.3.1/../../../../arm-atollic-eabi/lib/armv7e-m/fpu\libc_nano.a(lib_a-memchr.o)
 .ARM.attributes
                0x00000c0c       0x34 c:/program files (x86)/atollic/truestudio for stm32 9.2.0/armtools/bin/../lib/gcc/arm-atollic-eabi/6.3.1/../../../../arm-atollic-eabi/lib/armv7e-m/fpu\libc_nano.a(lib_a-memcpy-stub.o)
 .ARM.attributes
                0x00000c40       0x34 c:/program files (x86)/atollic/truestudio for stm32 9.2.0/armtools/bin/../lib/gcc/arm-atollic-eabi/6.3.1/../../../../arm-atollic-eabi/lib/armv7e-m/fpu\libc_nano.a(lib_a-mlock.o)
 .ARM.attributes
                0x00000c74       0x34 c:/program files (x86)/atollic/truestudio for stm32 9.2.0/armtools/bin/../lib/gcc/arm-atollic-eabi/6.3.1/../../../../arm-atollic-eabi/lib/armv7e-m/fpu\libc_nano.a(lib_a-mprec.o)
 .ARM.attributes
                0x00000ca8       0x34 c:/program files (x86)/atollic/truestudio for stm32 9.2.0/armtools/bin/../lib/gcc/arm-atollic-eabi/6.3.1/../../../../arm-atollic-eabi/lib/armv7e-m/fpu\libc_nano.a(lib_a-nano-callocr.o)
 .ARM.attributes
                0x00000cdc       0x34 c:/program files (x86)/atollic/truestudio for stm32 9.2.0/armtools/bin/../lib/gcc/arm-atollic-eabi/6.3.1/../../../../arm-atollic-eabi/lib/armv7e-m/fpu\libc_nano.a(lib_a-nano-vfprintf.o)
 .ARM.attributes
                0x00000d10       0x34 c:/program files (x86)/atollic/truestudio for stm32 9.2.0/armtools/bin/../lib/gcc/arm-atollic-eabi/6.3.1/../../../../arm-atollic-eabi/lib/armv7e-m/fpu\libc_nano.a(lib_a-readr.o)
 .ARM.attributes
                0x00000d44       0x34 c:/program files (x86)/atollic/truestudio for stm32 9.2.0/armtools/bin/../lib/gcc/arm-atollic-eabi/6.3.1/../../../../arm-atollic-eabi/lib/armv7e-m/fpu\libc_nano.a(lib_a-reent.o)
 .ARM.attributes
                0x00000d78       0x34 c:/program files (x86)/atollic/truestudio for stm32 9.2.0/armtools/bin/../lib/gcc/arm-atollic-eabi/6.3.1/../../../../arm-atollic-eabi/lib/armv7e-m/fpu\libc_nano.a(lib_a-wbuf.o)
 .ARM.attributes
                0x00000dac       0x34 c:/program files (x86)/atollic/truestudio for stm32 9.2.0/armtools/bin/../lib/gcc/arm-atollic-eabi/6.3.1/../../../../arm-atollic-eabi/lib/armv7e-m/fpu\libc_nano.a(lib_a-wsetup.o)
 .ARM.attributes
                0x00000de0       0x34 c:/program files (x86)/atollic/truestudio for stm32 9.2.0/armtools/bin/../lib/gcc/arm-atollic-eabi/6.3.1/../../../../arm-atollic-eabi/lib/armv7e-m/fpu\libc_nano.a(lib_a-fstatr.o)
 .ARM.attributes
                0x00000e14       0x34 c:/program files (x86)/atollic/truestudio for stm32 9.2.0/armtools/bin/../lib/gcc/arm-atollic-eabi/6.3.1/../../../../arm-atollic-eabi/lib/armv7e-m/fpu\libc_nano.a(lib_a-isattyr.o)
 .ARM.attributes
                0x00000e48       0x34 c:/program files (x86)/atollic/truestudio for stm32 9.2.0/armtools/bin/../lib/gcc/arm-atollic-eabi/6.3.1/../../../../arm-atollic-eabi/lib/armv7e-m/fpu\libc_nano.a(lib_a-locale.o)
 .ARM.attributes
                0x00000e7c       0x34 c:/program files (x86)/atollic/truestudio for stm32 9.2.0/armtools/bin/../lib/gcc/arm-atollic-eabi/6.3.1/../../../../arm-atollic-eabi/lib/armv7e-m/fpu\libc_nano.a(lib_a-mbtowc_r.o)
 .ARM.attributes
                0x00000eb0       0x34 c:/program files (x86)/atollic/truestudio for stm32 9.2.0/armtools/bin/../lib/gcc/arm-atollic-eabi/6.3.1/../../../../arm-atollic-eabi/lib/armv7e-m/fpu\libc_nano.a(lib_a-wctomb_r.o)
 .ARM.attributes
                0x00000ee4       0x34 c:/program files (x86)/atollic/truestudio for stm32 9.2.0/armtools/bin/../lib/gcc/arm-atollic-eabi/6.3.1/../../../../arm-atollic-eabi/lib/armv7e-m/fpu\libc_nano.a(lib_a-ctype_.o)
 .ARM.attributes
                0x00000f18       0x22 c:/program files (x86)/atollic/truestudio for stm32 9.2.0/armtools/bin/../lib/gcc/arm-atollic-eabi/6.3.1/armv7e-m/fpu\libgcc.a(_arm_addsubdf3.o)
 .ARM.attributes
                0x00000f3a       0x22 c:/program files (x86)/atollic/truestudio for stm32 9.2.0/armtools/bin/../lib/gcc/arm-atollic-eabi/6.3.1/armv7e-m/fpu\libgcc.a(_arm_muldivdf3.o)
 .ARM.attributes
                0x00000f5c       0x22 c:/program files (x86)/atollic/truestudio for stm32 9.2.0/armtools/bin/../lib/gcc/arm-atollic-eabi/6.3.1/armv7e-m/fpu\libgcc.a(_arm_cmpdf2.o)
 .ARM.attributes
                0x00000f7e       0x22 c:/program files (x86)/atollic/truestudio for stm32 9.2.0/armtools/bin/../lib/gcc/arm-atollic-eabi/6.3.1/armv7e-m/fpu\libgcc.a(_arm_unorddf2.o)
 .ARM.attributes
                0x00000fa0       0x22 c:/program files (x86)/atollic/truestudio for stm32 9.2.0/armtools/bin/../lib/gcc/arm-atollic-eabi/6.3.1/armv7e-m/fpu\libgcc.a(_arm_fixdfsi.o)
 .ARM.attributes
                0x00000fc2       0x22 c:/program files (x86)/atollic/truestudio for stm32 9.2.0/armtools/bin/../lib/gcc/arm-atollic-eabi/6.3.1/armv7e-m/fpu\libgcc.a(_arm_addsubsf3.o)
 .ARM.attributes
                0x00000fe4       0x22 c:/program files (x86)/atollic/truestudio for stm32 9.2.0/armtools/bin/../lib/gcc/arm-atollic-eabi/6.3.1/armv7e-m/fpu\libgcc.a(_aeabi_uldivmod.o)
 .ARM.attributes
                0x00001006       0x34 c:/program files (x86)/atollic/truestudio for stm32 9.2.0/armtools/bin/../lib/gcc/arm-atollic-eabi/6.3.1/armv7e-m/fpu\libgcc.a(_udivmoddi4.o)
 .ARM.attributes
                0x0000103a       0x22 c:/program files (x86)/atollic/truestudio for stm32 9.2.0/armtools/bin/../lib/gcc/arm-atollic-eabi/6.3.1/armv7e-m/fpu\libgcc.a(_dvmd_tls.o)
 .ARM.attributes
                0x0000105c       0x22 c:/program files (x86)/atollic/truestudio for stm32 9.2.0/armtools/bin/../lib/gcc/arm-atollic-eabi/6.3.1/armv7e-m/fpu/crtn.o
OUTPUT(zilconia_demo.elf elf32-littlearm)

.debug_info     0x00000000    0x20f97
 .debug_info    0x00000000      0xa71 Drivers\STM32F4xx_HAL_Driver\Src\stm32f4xx_hal.o
 .debug_info    0x00000a71      0xdb1 Drivers\STM32F4xx_HAL_Driver\Src\stm32f4xx_hal_adc.o
 .debug_info    0x00001822      0xf87 Drivers\STM32F4xx_HAL_Driver\Src\stm32f4xx_hal_cortex.o
 .debug_info    0x000027a9      0xa4c Drivers\STM32F4xx_HAL_Driver\Src\stm32f4xx_hal_dma.o
 .debug_info    0x000031f5      0x7dd Drivers\STM32F4xx_HAL_Driver\Src\stm32f4xx_hal_gpio.o
 .debug_info    0x000039d2      0xa97 Drivers\STM32F4xx_HAL_Driver\Src\stm32f4xx_hal_rcc.o
 .debug_info    0x00004469      0xa0b Drivers\STM32F4xx_HAL_Driver\Src\stm32f4xx_hal_rcc_ex.o
 .debug_info    0x00004e74     0x1d9a Drivers\STM32F4xx_HAL_Driver\Src\stm32f4xx_hal_spi.o
 .debug_info    0x00006c0e     0x34cf Drivers\STM32F4xx_HAL_Driver\Src\stm32f4xx_hal_tim.o
 .debug_info    0x0000a0dd     0x157d Drivers\STM32F4xx_HAL_Driver\Src\stm32f4xx_hal_tim_ex.o
 .debug_info    0x0000b65a     0x16c9 Drivers\STM32F4xx_HAL_Driver\Src\stm32f4xx_hal_uart.o
 .debug_info    0x0000cd23      0xbfc Src\adc.o
 .debug_info    0x0000d91f     0x1655 Src\battery.o
 .debug_info    0x0000ef74     0x17db Src\communication.o
 .debug_info    0x0001074f      0x736 Src\dma.o
 .debug_info    0x00010e85     0x157e Src\encoder.o
 .debug_info    0x00012403      0x53d Src\gpio.o
 .debug_info    0x00012940     0x1a9a Src\imu.o
 .debug_info    0x000143da     0x161f Src\interrupt.o
 .debug_info    0x000159f9     0x1951 Src\ir_sensor.o
 .debug_info    0x0001734a     0x1bca Src\main.o
 .debug_info    0x00018f14     0x1805 Src\module_test.o
 .debug_info    0x0001a719     0x1632 Src\motor.o
 .debug_info    0x0001bd4b      0xad4 Src\spi.o
 .debug_info    0x0001c81f      0x347 Src\stm32f4xx_hal_msp.o
 .debug_info    0x0001cb66      0xa69 Src\stm32f4xx_it.o
 .debug_info    0x0001d5cf      0xfe1 Src\syscalls.o
 .debug_info    0x0001e5b0      0x53e Src\system_stm32f4xx.o
 .debug_info    0x0001eaee     0x16ff Src\tim.o
 .debug_info    0x000201ed      0xd3a Src\usart.o
 .debug_info    0x00020f27       0x70 startup\startup_stm32f413xx.o

.debug_abbrev   0x00000000     0x439c
 .debug_abbrev  0x00000000      0x23d Drivers\STM32F4xx_HAL_Driver\Src\stm32f4xx_hal.o
 .debug_abbrev  0x0000023d      0x2bf Drivers\STM32F4xx_HAL_Driver\Src\stm32f4xx_hal_adc.o
 .debug_abbrev  0x000004fc      0x314 Drivers\STM32F4xx_HAL_Driver\Src\stm32f4xx_hal_cortex.o
 .debug_abbrev  0x00000810      0x2e8 Drivers\STM32F4xx_HAL_Driver\Src\stm32f4xx_hal_dma.o
 .debug_abbrev  0x00000af8      0x1ef Drivers\STM32F4xx_HAL_Driver\Src\stm32f4xx_hal_gpio.o
 .debug_abbrev  0x00000ce7      0x2cb Drivers\STM32F4xx_HAL_Driver\Src\stm32f4xx_hal_rcc.o
 .debug_abbrev  0x00000fb2      0x1a8 Drivers\STM32F4xx_HAL_Driver\Src\stm32f4xx_hal_rcc_ex.o
 .debug_abbrev  0x0000115a      0x335 Drivers\STM32F4xx_HAL_Driver\Src\stm32f4xx_hal_spi.o
 .debug_abbrev  0x0000148f      0x324 Drivers\STM32F4xx_HAL_Driver\Src\stm32f4xx_hal_tim.o
 .debug_abbrev  0x000017b3      0x2b2 Drivers\STM32F4xx_HAL_Driver\Src\stm32f4xx_hal_tim_ex.o
 .debug_abbrev  0x00001a65      0x2fb Drivers\STM32F4xx_HAL_Driver\Src\stm32f4xx_hal_uart.o
 .debug_abbrev  0x00001d60      0x1ee Src\adc.o
 .debug_abbrev  0x00001f4e      0x21d Src\battery.o
 .debug_abbrev  0x0000216b      0x293 Src\communication.o
 .debug_abbrev  0x000023fe      0x144 Src\dma.o
 .debug_abbrev  0x00002542      0x218 Src\encoder.o
 .debug_abbrev  0x0000275a      0x168 Src\gpio.o
 .debug_abbrev  0x000028c2      0x265 Src\imu.o
 .debug_abbrev  0x00002b27      0x233 Src\interrupt.o
 .debug_abbrev  0x00002d5a      0x27f Src\ir_sensor.o
 .debug_abbrev  0x00002fd9      0x26c Src\main.o
 .debug_abbrev  0x00003245      0x21c Src\module_test.o
 .debug_abbrev  0x00003461      0x227 Src\motor.o
 .debug_abbrev  0x00003688      0x1ee Src\spi.o
 .debug_abbrev  0x00003876       0xec Src\stm32f4xx_hal_msp.o
 .debug_abbrev  0x00003962      0x1da Src\stm32f4xx_it.o
 .debug_abbrev  0x00003b3c      0x2d9 Src\syscalls.o
 .debug_abbrev  0x00003e15      0x10e Src\system_stm32f4xx.o
 .debug_abbrev  0x00003f23      0x257 Src\tim.o
 .debug_abbrev  0x0000417a      0x210 Src\usart.o
 .debug_abbrev  0x0000438a       0x12 startup\startup_stm32f413xx.o

.debug_loc      0x00000000     0x930a
 .debug_loc     0x00000000      0x11b Drivers\STM32F4xx_HAL_Driver\Src\stm32f4xx_hal.o
 .debug_loc     0x0000011b      0x7e9 Drivers\STM32F4xx_HAL_Driver\Src\stm32f4xx_hal_adc.o
 .debug_loc     0x00000904      0x4fb Drivers\STM32F4xx_HAL_Driver\Src\stm32f4xx_hal_cortex.o
 .debug_loc     0x00000dff      0x727 Drivers\STM32F4xx_HAL_Driver\Src\stm32f4xx_hal_dma.o
 .debug_loc     0x00001526      0x378 Drivers\STM32F4xx_HAL_Driver\Src\stm32f4xx_hal_gpio.o
 .debug_loc     0x0000189e      0x336 Drivers\STM32F4xx_HAL_Driver\Src\stm32f4xx_hal_rcc.o
 .debug_loc     0x00001bd4      0x604 Drivers\STM32F4xx_HAL_Driver\Src\stm32f4xx_hal_rcc_ex.o
 .debug_loc     0x000021d8     0x1830 Drivers\STM32F4xx_HAL_Driver\Src\stm32f4xx_hal_spi.o
 .debug_loc     0x00003a08     0x3009 Drivers\STM32F4xx_HAL_Driver\Src\stm32f4xx_hal_tim.o
 .debug_loc     0x00006a11      0xac1 Drivers\STM32F4xx_HAL_Driver\Src\stm32f4xx_hal_tim_ex.o
 .debug_loc     0x000074d2     0x1335 Drivers\STM32F4xx_HAL_Driver\Src\stm32f4xx_hal_uart.o
 .debug_loc     0x00008807       0x63 Src\adc.o
 .debug_loc     0x0000886a       0x6e Src\communication.o
 .debug_loc     0x000088d8       0xa7 Src\imu.o
 .debug_loc     0x0000897f       0x8d Src\ir_sensor.o
 .debug_loc     0x00008a0c      0x12d Src\module_test.o
 .debug_loc     0x00008b39       0xe2 Src\motor.o
 .debug_loc     0x00008c1b       0x63 Src\spi.o
 .debug_loc     0x00008c7e      0x3ef Src\syscalls.o
 .debug_loc     0x0000906d      0x11c Src\system_stm32f4xx.o
 .debug_loc     0x00009189      0x11e Src\tim.o
 .debug_loc     0x000092a7       0x63 Src\usart.o

.debug_aranges  0x00000000      0xf98
 .debug_aranges
                0x00000000       0xe8 Drivers\STM32F4xx_HAL_Driver\Src\stm32f4xx_hal.o
 .debug_aranges
                0x000000e8       0xb8 Drivers\STM32F4xx_HAL_Driver\Src\stm32f4xx_hal_adc.o
 .debug_aranges
                0x000001a0       0xa8 Drivers\STM32F4xx_HAL_Driver\Src\stm32f4xx_hal_cortex.o
 .debug_aranges